Component: Arm Compiler for Embedded 6.19 Tool: armlink [5e73cb00]

==============================================================================

Section Cross References

    ethernet_w5100.o(.text._Z18InitializeEthernetv) refers to ethernet_w5100.o(.text._Z18InitializeErrorLedv) for InitializeErrorLed()
    ethernet_w5100.o(.text._Z18InitializeEthernetv) refers to rt_memclr_w.o(.text) for __aeabi_memclr4
    ethernet_w5100.o(.text._Z18InitializeEthernetv) refers to stm32f4xx_hal_rcc_ex.o(.text.HAL_RCC_OscConfig) for HAL_RCC_OscConfig
    ethernet_w5100.o(.text._Z18InitializeEthernetv) refers to stm32f4xx_hal_gpio.o(.text.HAL_GPIO_WritePin) for HAL_GPIO_WritePin
    ethernet_w5100.o(.text._Z18InitializeEthernetv) refers to stm32f4xx_hal_rcc.o(.text.HAL_RCC_ClockConfig) for HAL_RCC_ClockConfig
    ethernet_w5100.o(.ARM.exidx.text._Z18InitializeEthernetv) refers to ethernet_w5100.o(.text._Z18InitializeEthernetv) for [Anonymous Symbol]
    ethernet_w5100.o(.text._Z18InitializeErrorLedv) refers to ethernet_w5100.o(.rodata..L__const._Z18InitializeErrorLedv.gpio_config) for .L__const._Z18InitializeErrorLedv.gpio_config
    ethernet_w5100.o(.text._Z18InitializeErrorLedv) refers to stm32f4xx_hal_gpio.o(.text.HAL_GPIO_Init) for HAL_GPIO_Init
    ethernet_w5100.o(.ARM.exidx.text._Z18InitializeErrorLedv) refers to ethernet_w5100.o(.text._Z18InitializeErrorLedv) for [Anonymous Symbol]
    main.o(.text.__cxx_global_var_init) refers to main.o(.bss.string_to_send) for string_to_send
    main.o(.text.__cxx_global_var_init) refers to main.o(.rodata.str1.1) for .L.str
    main.o(.text.__cxx_global_var_init) refers to main.o(.text._ZNSt3__212basic_stringIcNS_11char_traitsIcEENS_9allocatorIcEEEC2B6v16000IDnEEPKc) for std::__2::basic_string<char, std::__2::char_traits<char>, std::__2::allocator<char>>::basic_string__sub_object[abi:v16000]<std::nullptr_t>(char const*)
    main.o(.text.__cxx_global_var_init) refers to string.cpp.o(.text._ZNSt3__212basic_stringIcNS_11char_traitsIcEENS_9allocatorIcEEED2Ev) for std::__2::basic_string<char, std::__2::char_traits<char>, std::__2::allocator<char>>::~basic_string()
    main.o(.text.__cxx_global_var_init) refers to cxa_atexit.o(.text) for __cxa_atexit
    main.o(.ARM.exidx.text.__cxx_global_var_init) refers to main.o(.text.__cxx_global_var_init) for [Anonymous Symbol]
    main.o(.text.main) refers to stm32f4xx_hal.o(.text.HAL_Init) for HAL_Init
    main.o(.text.main) refers to ethernet_w5100.o(.text._Z18InitializeEthernetv) for InitializeEthernet()
    main.o(.text.main) refers to main.o(.text._ZL14UsartConfigUsbv) for UsartConfigUsb()
    main.o(.text.main) refers to stm32f4xx_hal.o(.text.HAL_Delay) for HAL_Delay
    main.o(.text.main) refers to main.o(.bss.string_to_send) for string_to_send
    main.o(.text.main) refers to main.o(.text._ZL12print_stringRNSt3__212basic_stringIcNS_11char_traitsIcEENS_9allocatorIcEEEE) for print_string(std::__2::basic_string<char, std::__2::char_traits<char>, std::__2::allocator<char>>&)
    main.o(.text.main) refers to main.o(.data.data) for data
    main.o(.text.main) refers to main.o(.bss.buffer_range) for buffer_range
    main.o(.text.main) refers to main.o(.rodata.str1.1) for .L.str.1
    main.o(.text.main) refers to sprintf.o(.text) for sprintf
    main.o(.ARM.exidx.text.main) refers to main.o(.text.main) for [Anonymous Symbol]
    main.o(.text._ZL14UsartConfigUsbv) refers to main.o(.rodata..L__const._ZL14UsartConfigUsbv.gpio_config) for .L__const._ZL14UsartConfigUsbv.gpio_config
    main.o(.text._ZL14UsartConfigUsbv) refers to stm32f4xx_hal_gpio.o(.text.HAL_GPIO_Init) for HAL_GPIO_Init
    main.o(.text._ZL14UsartConfigUsbv) refers to rt_memclr_w.o(.text) for __aeabi_memclr4
    main.o(.text._ZL14UsartConfigUsbv) refers to main.o(.bss.TX_buffer) for TX_buffer
    main.o(.text._ZL14UsartConfigUsbv) refers to stm32f4xx_hal_usart.o(.text.HAL_USART_Init) for HAL_USART_Init
    main.o(.ARM.exidx.text._ZL14UsartConfigUsbv) refers to main.o(.text._ZL14UsartConfigUsbv) for [Anonymous Symbol]
    main.o(.text._ZL12print_stringRNSt3__212basic_stringIcNS_11char_traitsIcEENS_9allocatorIcEEEE) refers to main.o(.text._ZNKSt3__212basic_stringIcNS_11char_traitsIcEENS_9allocatorIcEEE4sizeB6v16000Ev) for std::__2::basic_string<char, std::__2::char_traits<char>, std::__2::allocator<char>>::size[abi:v16000]() const
    main.o(.text._ZL12print_stringRNSt3__212basic_stringIcNS_11char_traitsIcEENS_9allocatorIcEEEE) refers to string.cpp.o(.text._ZNSt3__212basic_stringIcNS_11char_traitsIcEENS_9allocatorIcEEE2atEj) for std::__2::basic_string<char, std::__2::char_traits<char>, std::__2::allocator<char>>::at(unsigned int)
    main.o(.ARM.exidx.text._ZL12print_stringRNSt3__212basic_stringIcNS_11char_traitsIcEENS_9allocatorIcEEEE) refers to main.o(.text._ZL12print_stringRNSt3__212basic_stringIcNS_11char_traitsIcEENS_9allocatorIcEEEE) for [Anonymous Symbol]
    main.o(.text._GLOBAL__sub_I_main.cpp) refers to main.o(.text.__cxx_global_var_init) for __cxx_global_var_init
[...]
    [Anonymous Symbol]                       0x08003694   Section        0  new.cpp.o(.text._ZdlPvj)
    [Anonymous Symbol]                       0x08003698   Section        0  new.cpp.o(.text._Znwj)
    __NVIC_GetPriorityGrouping               0x080036c1   Thumb Code    16  stm32f4xx_hal_cortex.o(.text.__NVIC_GetPriorityGrouping)
    [Anonymous Symbol]                       0x080036c0   Section        0  stm32f4xx_hal_cortex.o(.text.__NVIC_GetPriorityGrouping)
    __NVIC_SetPriority                       0x080036d1   Thumb Code    66  stm32f4xx_hal_cortex.o(.text.__NVIC_SetPriority)
    [Anonymous Symbol]                       0x080036d0   Section        0  stm32f4xx_hal_cortex.o(.text.__NVIC_SetPriority)
    __NVIC_SetPriorityGrouping               0x08003715   Thumb Code    60  stm32f4xx_hal_cortex.o(.text.__NVIC_SetPriorityGrouping)
    [Anonymous Symbol]                       0x08003714   Section        0  stm32f4xx_hal_cortex.o(.text.__NVIC_SetPriorityGrouping)
    __cxx_global_var_init                    0x08003751   Thumb Code    52  main.o(.text.__cxx_global_var_init)
    [Anonymous Symbol]                       0x08003750   Section        0  main.o(.text.__cxx_global_var_init)
    [Anonymous Symbol]                       0x08003784   Section        0  main.o(.text.main)
    CL$$btod_d2e                             0x080037ce   Section       62  btod.o(CL$$btod_d2e)
    CL$$btod_d2e_denorm_low                  0x0800380c   Section       70  btod.o(CL$$btod_d2e_denorm_low)
    CL$$btod_d2e_norm_op1                    0x08003852   Section       96  btod.o(CL$$btod_d2e_norm_op1)
    CL$$btod_div_common                      0x080038b4   Section      824  btod.o(CL$$btod_div_common)
    CL$$btod_e2e                             0x08003bec   Section      220  btod.o(CL$$btod_e2e)
    CL$$btod_ediv                            0x08003cc8   Section       42  btod.o(CL$$btod_ediv)
    CL$$btod_emul                            0x08003cf2   Section       42  btod.o(CL$$btod_emul)
    CL$$btod_mult_common                     0x08003d1c   Section      580  btod.o(CL$$btod_mult_common)
    i.__ARM_fpclassify                       0x08003f60   Section        0  fpclassify.o(i.__ARM_fpclassify)
    i._is_digit                              0x08003f90   Section        0  __printf_wp.o(i._is_digit)
    locale$$code                             0x08003fa0   Section       44  lc_ctype_c.o(locale$$code)
    locale$$code                             0x08003fcc   Section       44  lc_numeric_c.o(locale$$code)
    $v0                                      0x08003ff8   Number         0  fpinit.o(x$fpl$fpinit)
    x$fpl$fpinit                             0x08003ff8   Section       26  fpinit.o(x$fpl$fpinit)
    $v0                                      0x08004012   Number         0  printf1.o(x$fpl$printf1)
    x$fpl$printf1                            0x08004012   Section        4  printf1.o(x$fpl$printf1)
    $v0                                      0x08004016   Number         0  printf2.o(x$fpl$printf2)
    x$fpl$printf2                            0x08004016   Section        4  printf2.o(x$fpl$printf2)
    x$fpl$usenofp                            0x0800401a   Section        0  usenofp.o(x$fpl$usenofp)
    initial_mbstate                          0x0800401c   Data           8  _printf_wctomb.o(.constdata)
    .constdata                               0x0800401c   Section        8  _printf_wctomb.o(.constdata)
    uc_hextab                                0x08004024   Data          20  _printf_hex_int_ll_ptr.o(.constdata)
    .constdata                               0x08004024   Section       40  _printf_hex_int_ll_ptr.o(.constdata)
    lc_hextab                                0x08004038   Data          20  _printf_hex_int_ll_ptr.o(.constdata)
    maptable                                 0x0800404c   Data          17  __printf_flags_ss_wp.o(.constdata)
    .constdata                               0x0800404c   Section       17  __printf_flags_ss_wp.o(.constdata)
    lc_hextab                                0x0800405d   Data          19  _printf_fp_hex.o(.constdata)
    .constdata                               0x0800405d   Section       38  _printf_fp_hex.o(.constdata)
    uc_hextab                                0x08004070   Data          19  _printf_fp_hex.o(.constdata)
    tenpwrs_x                                0x08004084   Data          60  bigflt0.o(.constdata)
    .constdata                               0x08004084   Section      148  bigflt0.o(.constdata)
    tenpwrs_i                                0x080040c0   Data          64  bigflt0.o(.constdata)
    .L__const._Z18InitializeErrorLedv.gpio_config 0x08004118   Data          20  ethernet_w5100.o(.rodata..L__const._Z18InitializeErrorLedv.gpio_config)
    .L__const._ZL14UsartConfigUsbv.gpio_config 0x0800412c   Data          20  main.o(.rodata..L__const._ZL14UsartConfigUsbv.gpio_config)
    .L.str                                   0x08004158   Data          14  main.o(.rodata.str1.1)
    [Anonymous Symbol]                       0x08004158   Section        0  main.o(.rodata.str1.1)
    .L.str.1                                 0x08004166   Data           3  main.o(.rodata.str1.1)
    locale$$data                             0x0800418c   Section      272  lc_ctype_c.o(locale$$data)
    __lcctype_c_name                         0x08004190   Data           2  lc_ctype_c.o(locale$$data)
    __lcctype_c_start                        0x08004198   Data           0  lc_ctype_c.o(locale$$data)
    __lcctype_c_end                          0x0800429c   Data           0  lc_ctype_c.o(locale$$data)
    locale$$data                             0x0800429c   Section       28  lc_numeric_c.o(locale$$data)
    __lcnum_c_name                           0x080042a0   Data           2  lc_numeric_c.o(locale$$data)
    __lcnum_c_start                          0x080042a8   Data           0  lc_numeric_c.o(locale$$data)
    __lcnum_c_point                          0x080042b4   Data           0  lc_numeric_c.o(locale$$data)
    __lcnum_c_thousands                      0x080042b6   Data           0  lc_numeric_c.o(locale$$data)
    __lcnum_c_grouping                       0x080042b7   Data           0  lc_numeric_c.o(locale$$data)
    __lcnum_c_end                            0x080042b8   Data           0  lc_numeric_c.o(locale$$data)
    .init_array                              0x080042bc   Section        0  init_aeabi.o(.init_array)
    .bss                                     0x20000010   Section       96  libspace.o(.bss)
    Heap_Mem                                 0x200000a8   Data         512  startup_stm32f446xx.o(HEAP)
    HEAP                                     0x200000a8   Section      512  startup_stm32f446xx.o(HEAP)
    Stack_Mem                                0x200002a8   Data        1024  startup_stm32f446xx.o(STACK)
    STACK                                    0x200002a8   Section     1024  startup_stm32f446xx.o(STACK)
    __initial_sp                             0x200006a8   Data           0  startup_stm32f446xx.o(STACK)

    Global Symbols

    Symbol Name                              Value     Ov Type        Size  Object(Section)

    BuildAttributes$$THM_ISAv4$E$P$D$K$B$S$7EM$VFPi3$EXTD16$VFPS$VFMA$PE$A:L22UL41UL21$X:L11$S22US41US21$IEEE1$IW$~IW$USESV6$~STKCKD$USESV7$~SHL$OTIME$ROPI$IEEEX$EBA8$UX$STANDARDLIB$REQ8$PRES8$EABIv2 0x00000000   Number         0  anon$$obj.o ABSOLUTE
    _printf_flags                            0x00000000   Number         0  printf_stubs.o ABSOLUTE
    _printf_return_value                     0x00000000   Number         0  printf_stubs.o ABSOLUTE
    _printf_sizespec                         0x00000000   Number         0  printf_stubs.o ABSOLUTE
    _printf_widthprec                        0x00000000   Number         0  printf_stubs.o ABSOLUTE
    __ARM_exceptions_init                     - Undefined Weak Reference
    __alloca_initialize                       - Undefined Weak Reference
    __arm_preinit_                            - Undefined Weak Reference
    __arm_relocate_pie_                       - Undefined Weak Reference
    __sigvec_lookup                           - Undefined Weak Reference
    __user_heap_extent                        - Undefined Weak Reference
    _atexit_init                              - Undefined Weak Reference
    _call_atexit_fns                          - Undefined Weak Reference
    _clock_init                               - Undefined Weak Reference
    _fp_trap_init                             - Undefined Weak Reference
    _fp_trap_shutdown                         - Undefined Weak Reference
    _get_lc_collate                           - Undefined Weak Reference
    _get_lc_monetary                          - Undefined Weak Reference
    _get_lc_time                              - Undefined Weak Reference
    _getenv_init                              - Undefined Weak Reference
    _handle_redirection                       - Undefined Weak Reference
    _mutex_acquire                            - Undefined Weak Reference
    _mutex_free                               - Undefined Weak Reference
    _mutex_release                            - Undefined Weak Reference
    _printf_mbtowc                            - Undefined Weak Reference
    _printf_wc                                - Undefined Weak Reference
    _rand_init                                - Undefined Weak Reference
    _signal_finish                            - Undefined Weak Reference
    _signal_init                              - Undefined Weak Reference
    __Vectors_Size                           0x000001c4   Number         0  startup_stm32f446xx.o ABSOLUTE
    __Vectors                                0x08000000   Data           4  startup_stm32f446xx.o(RESET)
    __dso_handle                             0x08000000   Number         0  startup_stm32f446xx.o(RESET)
    __Vectors_End                            0x080001c4   Data           0  startup_stm32f446xx.o(RESET)
    __main                                   0x080001c5   Thumb Code     8  __main.o(!!!main)
    __scatterload                            0x080001cd   Thumb Code     0  __scatter.o(!!!scatter)
    __scatterload_rt2                        0x080001cd   Thumb Code    44  __scatter.o(!!!scatter)
    __scatterload_rt2_thumb_only             0x080001cd   Thumb Code     0  __scatter.o(!!!scatter)
    __scatterload_null                       0x080001db   Thumb Code     0  __scatter.o(!!!scatter)
    __scatterload_copy                       0x08000201   Thumb Code    26  __scatter_copy.o(!!handler_copy)
    __scatterload_zeroinit                   0x0800021d   Thumb Code    28  __scatter_zi.o(!!handler_zi)
    _printf_n                                0x08000239   Thumb Code     0  _printf_n.o(.ARM.Collect$$_printf_percent$$00000001)
    _printf_percent                          0x08000239   Thumb Code     0  _printf_percent.o(.ARM.Collect$$_printf_percent$$00000000)
    _printf_p                                0x0800023f   Thumb Code     0  _printf_p.o(.ARM.Collect$$_printf_percent$$00000002)
    _printf_f                                0x08000245   Thumb Code     0  _printf_f.o(.ARM.Collect$$_printf_percent$$00000003)
    _printf_e                                0x0800024b   Thumb Code     0  _printf_e.o(.ARM.Collect$$_printf_percent$$00000004)
    _printf_g                                0x08000251   Thumb Code     0  _printf_g.o(.ARM.Collect$$_printf_percent$$00000005)
    _printf_a                                0x08000257   Thumb Code     0  _printf_a.o(.ARM.Collect$$_printf_percent$$00000006)
    _printf_ll                               0x0800025d   Thumb Code     0  _printf_ll.o(.ARM.Collect$$_printf_percent$$00000007)
    _printf_i                                0x08000267   Thumb Code     0  _printf_i.o(.ARM.Collect$$_printf_percent$$00000008)
    _printf_d                                0x0800026d   Thumb Code     0  _printf_d.o(.ARM.Collect$$_printf_percent$$00000009)
    _printf_u                                0x08000273   Thumb Code     0  _printf_u.o(.ARM.Collect$$_printf_percent$$0000000A)
    _printf_o                                0x08000279   Thumb Code     0  _printf_o.o(.ARM.Collect$$_printf_percent$$0000000B)
    _printf_x                                0x0800027f   Thumb Code     0  _printf_x.o(.ARM.Collect$$_printf_percent$$0000000C)
    _printf_lli                              0x08000285   Thumb Code     0  _printf_lli.o(.ARM.Collect$$_printf_percent$$0000000D)
    _printf_lld                              0x0800028b   Thumb Code     0  _printf_lld.o(.ARM.Collect$$_printf_percent$$0000000E)
    _printf_llu                              0x08000291   Thumb Code     0  _printf_llu.o(.ARM.Collect$$_printf_percent$$0000000F)
    _printf_llo                              0x08000297   Thumb Code     0  _printf_llo.o(.ARM.Collect$$_printf_percent$$00000010)
    _printf_llx                              0x0800029d   Thumb Code     0  _printf_llx.o(.ARM.Collect$$_printf_percent$$00000011)
    _printf_l                                0x080002a3   Thumb Code     0  _printf_l.o(.ARM.Collect$$_printf_percent$$00000012)
    _printf_c                                0x080002ad   Thumb Code     0  _printf_c.o(.ARM.Collect$$_printf_percent$$00000013)
    _printf_s                                0x080002b3   Thumb Code     0  _printf_s.o(.ARM.Collect$$_printf_percent$$00000014)
    _printf_lc                               0x080002b9   Thumb Code     0  _printf_lc.o(.ARM.Collect$$_printf_percent$$00000015)
    _printf_ls                               0x080002bf   Thumb Code     0  _printf_ls.o(.ARM.Collect$$_printf_percent$$00000016)
    _printf_percent_end                      0x080002c5   Thumb Code     0  _printf_percent_end.o(.ARM.Collect$$_printf_percent$$00000017)
    __rt_lib_init                            0x080002c9   Thumb Code     0  libinit.o(.ARM.Collect$$libinit$$00000000)
    __rt_lib_init_fp_1                       0x080002cb   Thumb Code     0  libinit2.o(.ARM.Collect$$libinit$$00000001)
    __rt_lib_init_heap_2                     0x080002cf   Thumb Code     0  libinit2.o(.ARM.Collect$$libinit$$00000007)
    __rt_lib_init_preinit_1                  0x080002cf   Thumb Code     0  libinit2.o(.ARM.Collect$$libinit$$00000006)
    __rt_lib_init_relocate_pie_1             0x080002cf   Thumb Code     0  libinit2.o(.ARM.Collect$$libinit$$00000004)
    __rt_lib_init_heap_1                     0x080002d7   Thumb Code     0  libinit2.o(.ARM.Collect$$libinit$$0000000C)
    __rt_lib_init_lc_common                  0x080002d7   Thumb Code     0  libinit2.o(.ARM.Collect$$libinit$$00000011)
    __rt_lib_init_rand_1                     0x080002d7   Thumb Code     0  libinit2.o(.ARM.Collect$$libinit$$00000010)
    __rt_lib_init_user_alloc_1               0x080002d7   Thumb Code     0  libinit2.o(.ARM.Collect$$libinit$$0000000E)
    __rt_lib_init_lc_collate_1               0x080002dd   Thumb Code     0  libinit2.o(.ARM.Collect$$libinit$$00000013)
    __rt_lib_init_lc_ctype_2                 0x080002dd   Thumb Code     0  libinit2.o(.ARM.Collect$$libinit$$00000014)
    __rt_lib_init_lc_ctype_1                 0x080002e9   Thumb Code     0  libinit2.o(.ARM.Collect$$libinit$$00000015)
    __rt_lib_init_lc_monetary_1              0x080002e9   Thumb Code     0  libinit2.o(.ARM.Collect$$libinit$$00000017)
    __rt_lib_init_lc_numeric_2               0x080002e9   Thumb Code     0  libinit2.o(.ARM.Collect$$libinit$$00000018)
    __rt_lib_init_alloca_1                   0x080002f3   Thumb Code     0  libinit2.o(.ARM.Collect$$libinit$$00000030)
    __rt_lib_init_argv_1                     0x080002f3   Thumb Code     0  libinit2.o(.ARM.Collect$$libinit$$0000002E)
    __rt_lib_init_atexit_1                   0x080002f3   Thumb Code     0  libinit2.o(.ARM.Collect$$libinit$$0000001D)
    __rt_lib_init_clock_1                    0x080002f3   Thumb Code     0  libinit2.o(.ARM.Collect$$libinit$$00000023)
    __rt_lib_init_cpp_2                      0x080002f3   Thumb Code     0  libinit2.o(.ARM.Collect$$libinit$$00000033)
    __rt_lib_init_exceptions_1               0x080002f3   Thumb Code     0  libinit2.o(.ARM.Collect$$libinit$$00000032)
    __rt_lib_init_fp_trap_1                  0x080002f3   Thumb Code     0  libinit2.o(.ARM.Collect$$libinit$$00000021)
    __rt_lib_init_getenv_1                   0x080002f3   Thumb Code     0  libinit2.o(.ARM.Collect$$libinit$$00000025)
    __rt_lib_init_lc_numeric_1               0x080002f3   Thumb Code     0  libinit2.o(.ARM.Collect$$libinit$$00000019)
    __rt_lib_init_lc_time_1                  0x080002f3   Thumb Code     0  libinit2.o(.ARM.Collect$$libinit$$0000001B)
    __rt_lib_init_signal_1                   0x080002f3   Thumb Code     0  libinit2.o(.ARM.Collect$$libinit$$0000001F)
    __rt_lib_init_stdio_1                    0x080002f3   Thumb Code     0  libinit2.o(.ARM.Collect$$libinit$$00000027)
    __rt_lib_init_cpp_1                      0x080002f7   Thumb Code     0  libinit2.o(.ARM.Collect$$libinit$$00000034)
    __rt_lib_init_return                     0x080002f7   Thumb Code     0  libinit2.o(.ARM.Collect$$libinit$$00000035)
    __rt_lib_shutdown                        0x080002f9   Thumb Code     0  libshutdown.o(.ARM.Collect$$libshutdown$$00000000)
    __rt_lib_shutdown_cpp_2                  0x080002fb   Thumb Code     0  libshutdown2.o(.ARM.Collect$$libshutdown$$00000001)
    __rt_lib_shutdown_cpp_1                  0x08000301   Thumb Code     0  libshutdown2.o(.ARM.Collect$$libshutdown$$00000002)
    __rt_lib_shutdown_fp_trap_1              0x08000301   Thumb Code     0  libshutdown2.o(.ARM.Collect$$libshutdown$$00000007)
    __rt_lib_shutdown_heap_1                 0x08000301   Thumb Code     0  libshutdown2.o(.ARM.Collect$$libshutdown$$0000000F)
    __rt_lib_shutdown_return                 0x08000301   Thumb Code     0  libshutdown2.o(.ARM.Collect$$libshutdown$$00000010)
    __rt_lib_shutdown_signal_1               0x08000301   Thumb Code     0  libshutdown2.o(.ARM.Collect$$libshutdown$$0000000A)
    __rt_lib_shutdown_stdio_1                0x08000301   Thumb Code     0  libshutdown2.o(.ARM.Collect$$libshutdown$$00000004)
    __rt_lib_shutdown_user_alloc_1           0x08000301   Thumb Code     0  libshutdown2.o(.ARM.Collect$$libshutdown$$0000000C)
    __rt_entry                               0x08000303   Thumb Code     0  __rtentry.o(.ARM.Collect$$rtentry$$00000000)
    __rt_entry_presh_1                       0x08000303   Thumb Code     0  __rtentry2.o(.ARM.Collect$$rtentry$$00000002)
    __rt_entry_sh                            0x08000303   Thumb Code     0  __rtentry4.o(.ARM.Collect$$rtentry$$00000004)
    __rt_entry_li                            0x08000309   Thumb Code     0  __rtentry2.o(.ARM.Collect$$rtentry$$0000000A)
    __rt_entry_postsh_1                      0x08000309   Thumb Code     0  __rtentry2.o(.ARM.Collect$$rtentry$$00000009)
    __rt_entry_main                          0x0800030d   Thumb Code     0  __rtentry2.o(.ARM.Collect$$rtentry$$0000000D)
    __rt_entry_postli_1                      0x0800030d   Thumb Code     0  __rtentry2.o(.ARM.Collect$$rtentry$$0000000C)
    __rt_exit                                0x08000315   Thumb Code     0  rtexit.o(.ARM.Collect$$rtexit$$00000000)
    __rt_exit_ls                             0x08000317   Thumb Code     0  rtexit2.o(.ARM.Collect$$rtexit$$00000003)
    __rt_exit_prels_1                        0x08000317   Thumb Code     0  rtexit2.o(.ARM.Collect$$rtexit$$00000002)
    __rt_exit_exit                           0x0800031b   Thumb Code     0  rtexit2.o(.ARM.Collect$$rtexit$$00000004)
    Reset_Handler                            0x08000321   Thumb Code     8  startup_stm32f446xx.o(.text)
    NMI_Handler                              0x08000329   Thumb Code     2  startup_stm32f446xx.o(.text)
    HardFault_Handler                        0x0800032b   Thumb Code     2  startup_stm32f446xx.o(.text)
    MemManage_Handler                        0x0800032d   Thumb Code     2  startup_stm32f446xx.o(.text)
    BusFault_Handler                         0x0800032f   Thumb Code     2  startup_stm32f446xx.o(.text)
    UsageFault_Handler                       0x08000331   Thumb Code     2  startup_stm32f446xx.o(.text)
    SVC_Handler                              0x08000333   Thumb Code     2  startup_stm32f446xx.o(.text)
    DebugMon_Handler                         0x08000335   Thumb Code     2  startup_stm32f446xx.o(.text)
    PendSV_Handler                           0x08000337   Thumb Code     2  startup_stm32f446xx.o(.text)
    ADC_IRQHandler                           0x0800033b   Thumb Code     0  startup_stm32f446xx.o(.text)
    CAN1_RX0_IRQHandler                      0x0800033b   Thumb Code     0  startup_stm32f446xx.o(.text)
    CAN1_RX1_IRQHandler                      0x0800033b   Thumb Code     0  startup_stm32f446xx.o(.text)
    CAN1_SCE_IRQHandler                      0x0800033b   Thumb Code     0  startup_stm32f446xx.o(.text)
    CAN1_TX_IRQHandler                       0x0800033b   Thumb Code     0  startup_stm32f446xx.o(.text)
    CAN2_RX0_IRQHandler                      0x0800033b   Thumb Code     0  startup_stm32f446xx.o(.text)
    CAN2_RX1_IRQHandler                      0x0800033b   Thumb Code     0  startup_stm32f446xx.o(.text)
    CAN2_SCE_IRQHandler                      0x0800033b   Thumb Code     0  startup_stm32f446xx.o(.text)
    CAN2_TX_IRQHandler                       0x0800033b   Thumb Code     0  startup_stm32f446xx.o(.text)
    CEC_IRQHandler                           0x0800033b   Thumb Code     0  startup_stm32f446xx.o(.text)
    DCMI_IRQHandler                          0x0800033b   Thumb Code     0  startup_stm32f446xx.o(.text)
    DMA1_Stream0_IRQHandler                  0x0800033b   Thumb Code     0  startup_stm32f446xx.o(.text)
    DMA1_Stream1_IRQHandler                  0x0800033b   Thumb Code     0  startup_stm32f446xx.o(.text)
    DMA1_Stream2_IRQHandler                  0x0800033b   Thumb Code     0  startup_stm32f446xx.o(.text)
    DMA1_Stream3_IRQHandler                  0x0800033b   Thumb Code     0  startup_stm32f446xx.o(.text)
    DMA1_Stream4_IRQHandler                  0x0800033b   Thumb Code     0  startup_stm32f446xx.o(.text)
    DMA1_Stream5_IRQHandler                  0x0800033b   Thumb Code     0  startup_stm32f446xx.o(.text)
    DMA1_Stream6_IRQHandler                  0x0800033b   Thumb Code     0  startup_stm32f446xx.o(.text)
    DMA1_Stream7_IRQHandler                  0x0800033b   Thumb Code     0  startup_stm32f446xx.o(.text)
    DMA2_Stream0_IRQHandler                  0x0800033b   Thumb Code     0  startup_stm32f446xx.o(.text)
    DMA2_Stream1_IRQHandler                  0x0800033b   Thumb Code     0  startup_stm32f446xx.o(.text)
    DMA2_Stream2_IRQHandler                  0x0800033b   Thumb Code     0  startup_stm32f446xx.o(.text)
    DMA2_Stream3_IRQHandler                  0x0800033b   Thumb Code     0  startup_stm32f446xx.o(.text)
    DMA2_Stream4_IRQHandler                  0x0800033b   Thumb Code     0  startup_stm32f446xx.o(.text)
    DMA2_Stream5_IRQHandler                  0x0800033b   Thumb Code     0  startup_stm32f446xx.o(.text)
    DMA2_Stream6_IRQHandler                  0x0800033b   Thumb Code     0  startup_stm32f446xx.o(.text)
    DMA2_Stream7_IRQHandler                  0x0800033b   Thumb Code     0  startup_stm32f446xx.o(.text)
    EXTI0_IRQHandler                         0x0800033b   Thumb Code     0  startup_stm32f446xx.o(.text)
    EXTI15_10_IRQHandler                     0x0800033b   Thumb Code     0  startup_stm32f446xx.o(.text)
    EXTI1_IRQHandler                         0x0800033b   Thumb Code     0  startup_stm32f446xx.o(.text)
    EXTI2_IRQHandler                         0x0800033b   Thumb Code     0  startup_stm32f446xx.o(.text)
    EXTI3_IRQHandler                         0x0800033b   Thumb Code     0  startup_stm32f446xx.o(.text)
    EXTI4_IRQHandler                         0x0800033b   Thumb Code     0  startup_stm32f446xx.o(.text)
    EXTI9_5_IRQHandler                       0x0800033b   Thumb Code     0  startup_stm32f446xx.o(.text)
    FLASH_IRQHandler                         0x0800033b   Thumb Code     0  startup_stm32f446xx.o(.text)
    FMC_IRQHandler                           0x0800033b   Thumb Code     0  startup_stm32f446xx.o(.text)
    FMPI2C1_ER_IRQHandler                    0x0800033b   Thumb Code     0  startup_stm32f446xx.o(.text)
    FMPI2C1_EV_IRQHandler                    0x0800033b   Thumb Code     0  startup_stm32f446xx.o(.text)
    FPU_IRQHandler                           0x0800033b   Thumb Code     0  startup_stm32f446xx.o(.text)
    I2C1_ER_IRQHandler                       0x0800033b   Thumb Code     0  startup_stm32f446xx.o(.text)
    I2C1_EV_IRQHandler                       0x0800033b   Thumb Code     0  startup_stm32f446xx.o(.text)
    I2C2_ER_IRQHandler                       0x0800033b   Thumb Code     0  startup_stm32f446xx.o(.text)
    I2C2_EV_IRQHandler                       0x0800033b   Thumb Code     0  startup_stm32f446xx.o(.text)
    I2C3_ER_IRQHandler                       0x0800033b   Thumb Code     0  startup_stm32f446xx.o(.text)
    I2C3_EV_IRQHandler                       0x0800033b   Thumb Code     0  startup_stm32f446xx.o(.text)
    OTG_FS_IRQHandler                        0x0800033b   Thumb Code     0  startup_stm32f446xx.o(.text)
    OTG_FS_WKUP_IRQHandler                   0x0800033b   Thumb Code     0  startup_stm32f446xx.o(.text)
    OTG_HS_EP1_IN_IRQHandler                 0x0800033b   Thumb Code     0  startup_stm32f446xx.o(.text)
    OTG_HS_EP1_OUT_IRQHandler                0x0800033b   Thumb Code     0  startup_stm32f446xx.o(.text)
    OTG_HS_IRQHandler                        0x0800033b   Thumb Code     0  startup_stm32f446xx.o(.text)
    OTG_HS_WKUP_IRQHandler                   0x0800033b   Thumb Code     0  startup_stm32f446xx.o(.text)
    PVD_IRQHandler                           0x0800033b   Thumb Code     0  startup_stm32f446xx.o(.text)
    QUADSPI_IRQHandler                       0x0800033b   Thumb Code     0  startup_stm32f446xx.o(.text)
    RCC_IRQHandler                           0x0800033b   Thumb Code     0  startup_stm32f446xx.o(.text)
    RTC_Alarm_IRQHandler                     0x0800033b   Thumb Code     0  startup_stm32f446xx.o(.text)
    RTC_WKUP_IRQHandler                      0x0800033b   Thumb Code     0  startup_stm32f446xx.o(.text)
    SAI1_IRQHandler                          0x0800033b   Thumb Code     0  startup_stm32f446xx.o(.text)
    SAI2_IRQHandler                          0x0800033b   Thumb Code     0  startup_stm32f446xx.o(.text)
    SDIO_IRQHandler                          0x0800033b   Thumb Code     0  startup_stm32f446xx.o(.text)
    SPDIF_RX_IRQHandler                      0x0800033b   Thumb Code     0  startup_stm32f446xx.o(.text)
    SPI1_IRQHandler                          0x0800033b   Thumb Code     0  startup_stm32f446xx.o(.text)
    SPI2_IRQHandler                          0x0800033b   Thumb Code     0  startup_stm32f446xx.o(.text)
    SPI3_IRQHandler                          0x0800033b   Thumb Code     0  startup_stm32f446xx.o(.text)
    SPI4_IRQHandler                          0x0800033b   Thumb Code     0  startup_stm32f446xx.o(.text)
    TAMP_STAMP_IRQHandler                    0x0800033b   Thumb Code     0  startup_stm32f446xx.o(.text)
    TIM1_BRK_TIM9_IRQHandler                 0x0800033b   Thumb Code     0  startup_stm32f446xx.o(.text)
    TIM1_CC_IRQHandler                       0x0800033b   Thumb Code     0  startup_stm32f446xx.o(.text)
    TIM1_TRG_COM_TIM11_IRQHandler            0x0800033b   Thumb Code     0  startup_stm32f446xx.o(.text)
    TIM1_UP_TIM10_IRQHandler                 0x0800033b   Thumb Code     0  startup_stm32f446xx.o(.text)
    TIM2_IRQHandler                          0x0800033b   Thumb Code     0  startup_stm32f446xx.o(.text)
    TIM3_IRQHandler                          0x0800033b   Thumb Code     0  startup_stm32f446xx.o(.text)
    TIM4_IRQHandler                          0x0800033b   Thumb Code     0  startup_stm32f446xx.o(.text)
    TIM5_IRQHandler                          0x0800033b   Thumb Code     0  startup_stm32f446xx.o(.text)
    TIM6_DAC_IRQHandler                      0x0800033b   Thumb Code     0  startup_stm32f446xx.o(.text)
    TIM7_IRQHandler                          0x0800033b   Thumb Code     0  startup_stm32f446xx.o(.text)
    TIM8_BRK_TIM12_IRQHandler                0x0800033b   Thumb Code     0  startup_stm32f446xx.o(.text)
    TIM8_CC_IRQHandler                       0x0800033b   Thumb Code     0  startup_stm32f446xx.o(.text)
    TIM8_TRG_COM_TIM14_IRQHandler            0x0800033b   Thumb Code     0  startup_stm32f446xx.o(.text)
    TIM8_UP_TIM13_IRQHandler                 0x0800033b   Thumb Code     0  startup_stm32f446xx.o(.text)
    UART4_IRQHandler                         0x0800033b   Thumb Code     0  startup_stm32f446xx.o(.text)
    UART5_IRQHandler                         0x0800033b   Thumb Code     0  startup_stm32f446xx.o(.text)
    USART1_IRQHandler                        0x0800033b   Thumb Code     0  startup_stm32f446xx.o(.text)
    USART2_IRQHandler                        0x0800033b   Thumb Code     0  startup_stm32f446xx.o(.text)
    USART3_IRQHandler                        0x0800033b   Thumb Code     0  startup_stm32f446xx.o(.text)
    USART6_IRQHandler                        0x0800033b   Thumb Code     0  startup_stm32f446xx.o(.text)
    WWDG_IRQHandler                          0x0800033b   Thumb Code     0  startup_stm32f446xx.o(.text)
    __user_initial_stackheap                 0x0800033d   Thumb Code     0  startup_stm32f446xx.o(.text)
    __aeabi_uldivmod                         0x08000361   Thumb Code     0  lludivv7m.o(.text)
    _ll_udiv                                 0x08000361   Thumb Code   240  lludivv7m.o(.text)
    sprintf                                  0x08000451   Thumb Code    38  sprintf.o(.text)
    __cxa_atexit                             0x0800047d   Thumb Code    10  cxa_atexit.o(.text)
    strlen                                   0x08000487   Thumb Code    62  strlen.o(.text)
    __aeabi_memclr4                          0x080004c5   Thumb Code     0  rt_memclr_w.o(.text)
    __aeabi_memclr8                          0x080004c5   Thumb Code     0  rt_memclr_w.o(.text)
    __rt_memclr_w                            0x080004c5   Thumb Code     0  rt_memclr_w.o(.text)
    _memset_w                                0x080004c9   Thumb Code    74  rt_memclr_w.o(.text)
    __use_two_region_memory                  0x08000513   Thumb Code     2  heapauxi.o(.text)
    __rt_heap_escrow                         0x08000515   Thumb Code     2  heapauxi.o(.text)
    __rt_heap_expand                         0x08000517   Thumb Code     2  heapauxi.o(.text)
    __cpp_initialize__aeabi_                 0x08000519   Thumb Code    28  init_aeabi.o(.text)
    _printf_pre_padding                      0x0800053d   Thumb Code    44  _printf_pad.o(.text)
    _printf_post_padding                     0x08000569   Thumb Code    34  _printf_pad.o(.text)
    _printf_truncate_signed                  0x0800058b   Thumb Code    18  _printf_truncate.o(.text)
    _printf_truncate_unsigned                0x0800059d   Thumb Code    18  _printf_truncate.o(.text)
    _printf_str                              0x080005af   Thumb Code    82  _printf_str.o(.text)
    _printf_int_dec                          0x08000601   Thumb Code   104  _printf_dec.o(.text)
    _printf_charcount                        0x08000679   Thumb Code    40  _printf_charcount.o(.text)
    _printf_char_common                      0x080006ab   Thumb Code    32  _printf_char_common.o(.text)
    _sputc                                   0x080006d1   Thumb Code    10  _sputc.o(.text)
    _printf_wctomb                           0x080006dd   Thumb Code   182  _printf_wctomb.o(.text)
    _printf_longlong_dec                     0x08000799   Thumb Code   108  _printf_longlong_dec.o(.text)
    _printf_longlong_oct                     0x08000815   Thumb Code    68  _printf_oct_int_ll.o(.text)
    _printf_int_oct                          0x08000859   Thumb Code    24  _printf_oct_int_ll.o(.text)
    _printf_ll_oct                           0x08000871   Thumb Code    12  _printf_oct_int_ll.o(.text)
    _printf_longlong_hex                     0x08000885   Thumb Code    86  _printf_hex_int_ll_ptr.o(.text)
    _printf_int_hex                          0x080008db   Thumb Code    28  _printf_hex_int_ll_ptr.o(.text)
    _printf_ll_hex                           0x080008f7   Thumb Code    12  _printf_hex_int_ll_ptr.o(.text)
    _printf_hex_ptr                          0x08000903   Thumb Code    18  _printf_hex_int_ll_ptr.o(.text)
    __printf                                 0x08000919   Thumb Code   388  __printf_flags_ss_wp.o(.text)
    abort                                    0x08000aa1   Thumb Code    22  abort.o(.text)
    __aeabi_atexit                           0x08000ab7   Thumb Code    46  aeabi_atexit.o(.text)
    __aeabi_memcpy                           0x08000ae5   Thumb Code     0  rt_memcpy_v6.o(.text)
    __rt_memcpy                              0x08000ae5   Thumb Code   138  rt_memcpy_v6.o(.text)
    _memcpy_lastbytes                        0x08000b4b   Thumb Code     0  rt_memcpy_v6.o(.text)
    __aeabi_memmove                          0x08000b6f   Thumb Code     0  rt_memmove_v6.o(.text)
    __rt_memmove                             0x08000b6f   Thumb Code   132  rt_memmove_v6.o(.text)
    __memmove_lastfew                        0x08000bcf   Thumb Code     0  rt_memmove_v6.o(.text)
    _sys_exit                                0x08000bf5   Thumb Code     8  sys_exit.o(.text)
    __user_libspace                          0x08000c01   Thumb Code     8  libspace.o(.text)
    __user_perproc_libspace                  0x08000c01   Thumb Code     0  libspace.o(.text)
    __user_perthread_libspace                0x08000c01   Thumb Code     0  libspace.o(.text)
    __rt_ctype_table                         0x08000c09   Thumb Code    16  rt_ctype_table.o(.text)
    __rt_ddtor_pointer_addr                  0x08000c19   Thumb Code     8  rt_ddtor_pointer_addr_intlibspace.o(.text)
    malloc                                   0x08000c21   Thumb Code    94  h1_alloc.o(.text)
    free                                     0x08000c7f   Thumb Code    78  h1_free.o(.text)
    _ll_udiv10                               0x08000ccd   Thumb Code   138  lludiv10.o(.text)
    _printf_int_common                       0x08000d57   Thumb Code   178  _printf_intcommon.o(.text)
    _printf_fp_dec_real                      0x08000fb9   Thumb Code   620  _printf_fp_dec.o(.text)
    _printf_fp_hex_real                      0x08001225   Thumb Code   756  _printf_fp_hex.o(.text)
    _printf_cs_common                        0x08001521   Thumb Code    20  _printf_char.o(.text)
    _printf_char                             0x08001535   Thumb Code    16  _printf_char.o(.text)
    _printf_string                           0x08001545   Thumb Code     8  _printf_char.o(.text)
    _printf_lcs_common                       0x0800154d   Thumb Code    20  _printf_wchar.o(.text)
    _printf_wchar                            0x08001561   Thumb Code    16  _printf_wchar.o(.text)
    _printf_wstring                          0x08001571   Thumb Code     8  _printf_wchar.o(.text)
    _c16rtomb                                0x08001579   Thumb Code    72  _c16rtomb.o(.text)
    _wcrtomb                                 0x08001579   Thumb Code     0  _c16rtomb.o(.text)
    __cxa_finalize                           0x080015c1   Thumb Code    66  cxa_finalize.o(.text)
    __rt_SIGABRT                             0x08001603   Thumb Code    14  defsig_abrt_outer.o(.text)
    __aeabi_memcpy4                          0x08001611   Thumb Code     0  rt_memcpy_w.o(.text)
    __aeabi_memcpy8                          0x08001611   Thumb Code     0  rt_memcpy_w.o(.text)
    __rt_memcpy_w                            0x08001611   Thumb Code   100  rt_memcpy_w.o(.text)
    _memcpy_lastbytes_aligned                0x08001659   Thumb Code     0  rt_memcpy_w.o(.text)
    __aeabi_memmove4                         0x08001675   Thumb Code     0  rt_memmove_w.o(.text)
    __aeabi_memmove8                         0x08001675   Thumb Code     0  rt_memmove_w.o(.text)
    __rt_memmove_w                           0x08001675   Thumb Code   122  rt_memmove_w.o(.text)
    __memmove_aligned                        0x0800169b   Thumb Code     0  rt_memmove_w.o(.text)
    __memmove_lastfew_aligned                0x080016d3   Thumb Code     0  rt_memmove_w.o(.text)
    __I$use$semihosting                      0x080016ef   Thumb Code     0  use_no_semi.o(.text)
    __use_no_semihosting_swi                 0x080016ef   Thumb Code     2  use_no_semi.o(.text)
    __semihosting_library_function           0x080016f1   Thumb Code     0  indicate_semi.o(.text)
    __user_setup_stackheap                   0x080016f1   Thumb Code    74  sys_stackheap_outer.o(.text)
    __rt_heap_descriptor                     0x0800173d   Thumb Code     8  rt_heap_descriptor_intlibspace.o(.text)
    __rt_locale                              0x08001745   Thumb Code     8  rt_locale_intlibspace.o(.text)
    __use_no_heap                            0x0800174d   Thumb Code     2  hguard.o(.text)
    __heap$guard                             0x0800174f   Thumb Code     2  hguard.o(.text)
    _terminate_user_alloc                    0x08001751   Thumb Code     2  init_alloc.o(.text)
    _init_user_alloc                         0x08001753   Thumb Code     2  init_alloc.o(.text)
    __Heap_Full                              0x08001755   Thumb Code    34  init_alloc.o(.text)
    __Heap_Broken                            0x08001777   Thumb Code     6  init_alloc.o(.text)
    _init_alloc                              0x0800177d   Thumb Code    94  init_alloc.o(.text)
    __Heap_Initialize                        0x080017db   Thumb Code    10  h1_init.o(.text)
    __Heap_DescSize                          0x080017e5   Thumb Code     4  h1_init.o(.text)
    _printf_fp_infnan                        0x080017e9   Thumb Code   112  _printf_fp_infnan.o(.text)
    _btod_etento                             0x08001869   Thumb Code   224  bigflt0.o(.text)
    exit                                     0x0800194d   Thumb Code    18  exit.o(.text)
    __sig_exit                               0x0800195f   Thumb Code    10  defsig_exit.o(.text)
    __rt_SIGABRT_inner                       0x08001969   Thumb Code    14  defsig_abrt_inner.o(.text)
    __Heap_ProvideMemory                     0x08001999   Thumb Code    52  h1_extend.o(.text)
    _maybe_terminate_alloc                   0x08001999   Thumb Code     0  maybetermalloc1.o(.text)
    __default_signal_display                 0x080019cd   Thumb Code    50  defsig_general.o(.text)
    __rt_SIGRTMEM                            0x080019ff   Thumb Code    14  defsig_rtmem_outer.o(.text)
    strcmp                                   0x08001a11   Thumb Code   124  strcmpv7em.o(.text)
    _ttywrch                                 0x08001a8d   Thumb Code    14  sys_wrch.o(.text)
    __rt_SIGRTMEM_inner                      0x08001a9d   Thumb Code    22  defsig_rtmem_inner.o(.text)
    HAL_Delay                                0x08001aed   Thumb Code    66  stm32f4xx_hal.o(.text.HAL_Delay)
    HAL_GPIO_Init                            0x08001b31   Thumb Code   922  stm32f4xx_hal_gpio.o(.text.HAL_GPIO_Init)
    HAL_GPIO_WritePin                        0x08001ecd   Thumb Code    46  stm32f4xx_hal_gpio.o(.text.HAL_GPIO_WritePin)
    HAL_GetTick                              0x08001efd   Thumb Code    12  stm32f4xx_hal.o(.text.HAL_GetTick)
    HAL_IncTick                              0x08001f09   Thumb Code    26  stm32f4xx_hal.o(.text.HAL_IncTick)
    HAL_Init                                 0x08001f25   Thumb Code    46  stm32f4xx_hal.o(.text.HAL_Init)
    HAL_InitTick                             0x08001f55   Thumb Code   112  stm32f4xx_hal.o(.text.HAL_InitTick)
    HAL_MspInit                              0x08001fc5   Thumb Code     2  stm32f4xx_hal.o(.text.HAL_MspInit)
    HAL_NVIC_SetPriority                     0x08001fc9   Thumb Code    50  stm32f4xx_hal_cortex.o(.text.HAL_NVIC_SetPriority)
    HAL_NVIC_SetPriorityGrouping             0x08001ffd   Thumb Code    16  stm32f4xx_hal_cortex.o(.text.HAL_NVIC_SetPriorityGrouping)
    HAL_RCC_ClockConfig                      0x0800200d   Thumb Code   610  stm32f4xx_hal_rcc.o(.text.HAL_RCC_ClockConfig)
    HAL_RCC_GetHCLKFreq                      0x08002271   Thumb Code    12  stm32f4xx_hal_rcc.o(.text.HAL_RCC_GetHCLKFreq)
    HAL_RCC_GetPCLK1Freq                     0x0800227d   Thumb Code    34  stm32f4xx_hal_rcc.o(.text.HAL_RCC_GetPCLK1Freq)
    HAL_RCC_GetPCLK2Freq                     0x080022a1   Thumb Code    34  stm32f4xx_hal_rcc.o(.text.HAL_RCC_GetPCLK2Freq)
    HAL_RCC_GetSysClockFreq                  0x080022c5   Thumb Code   368  stm32f4xx_hal_rcc_ex.o(.text.HAL_RCC_GetSysClockFreq)
    HAL_RCC_OscConfig                        0x08002435   Thumb Code  1830  stm32f4xx_hal_rcc_ex.o(.text.HAL_RCC_OscConfig)
    HAL_SYSTICK_Config                       0x08002b5d   Thumb Code    16  stm32f4xx_hal_cortex.o(.text.HAL_SYSTICK_Config)
    HAL_USART_Init                           0x08002b6d   Thumb Code   124  stm32f4xx_hal_usart.o(.text.HAL_USART_Init)
    HAL_USART_MspInit                        0x08002be9   Thumb Code     8  stm32f4xx_hal_usart.o(.text.HAL_USART_MspInit)
    SysTick_Handler                          0x08002cb1   Thumb Code     8  interrupt_handler.o(.text.SysTick_Handler)
    SystemInit                               0x08002cb9   Thumb Code    24  system_stm32f4xx.o(.text.SystemInit)
    InitializeErrorLed()                     0x080031f9   Thumb Code    98  ethernet_w5100.o(.text._Z18InitializeErrorLedv)
    InitializeEthernet()                     0x0800325d   Thumb Code   268  ethernet_w5100.o(.text._Z18InitializeEthernetv)
    std::__2::basic_string<char, std::__2::char_traits<char>, std::__2::allocator<char>>::__get_long_size[abi:v16000]() const 0x080034b9   Thumb Code    18  main.o(.text._ZNKSt3__212basic_stringIcNS_11char_traitsIcEENS_9allocatorIcEEE15__get_long_sizeB6v16000Ev)
    std::__2::basic_string<char, std::__2::char_traits<char>, std::__2::allocator<char>>::__get_short_size[abi:v16000]() const 0x080034cd   Thumb Code    22  main.o(.text._ZNKSt3__212basic_stringIcNS_11char_traitsIcEENS_9allocatorIcEEE16__get_short_sizeB6v16000Ev)
    std::__2::basic_string<char, std::__2::char_traits<char>, std::__2::allocator<char>>::size[abi:v16000]() const 0x080034e5   Thumb Code    44  main.o(.text._ZNKSt3__212basic_stringIcNS_11char_traitsIcEENS_9allocatorIcEEE4sizeB6v16000Ev)
    std::__2::basic_string<char, std::__2::char_traits<char>, std::__2::allocator<char>>::__is_long[abi:v16000]() const 0x08003511   Thumb Code    20  main.o(.text._ZNKSt3__212basic_stringIcNS_11char_traitsIcEENS_9allocatorIcEEE9__is_longB6v16000Ev)
    std::__2::__compressed_pair<std::__2::basic_string<char, std::__2::char_traits<char>, std::__2::allocator<char>>::__rep, std::__2::allocator<char>>::first[abi:v16000]() const 0x08003525   Thumb Code    16  main.o(.text._ZNKSt3__217__compressed_pairINS_12basic_stringIcNS_11char_traitsIcEENS_9allocatorIcEEE5__repES5_E5firstB6v16000Ev)
    std::__2::__compressed_pair_elem<std::__2::basic_string<char, std::__2::char_traits<char>, std::__2::allocator<char>>::__rep, 0, false>::__get[abi:v16000]() const 0x08003535   Thumb Code    10  main.o(.text._ZNKSt3__222__compressed_pair_elemINS_12basic_stringIcNS_11char_traitsIcEENS_9allocatorIcEEE5__repELi0ELb0EE5__getB6v16000Ev)
    std::__2::char_traits<char>::length(char const*) 0x08003541   Thumb Code    16  main.o(.text._ZNSt3__211char_traitsIcE6lengthEPKc)
    std::__2::basic_string<char, std::__2::char_traits<char>, std::__2::allocator<char>>::at(unsigned int) 0x08003551   Thumb Code    38  string.cpp.o(.text._ZNSt3__212basic_stringIcNS_11char_traitsIcEENS_9allocatorIcEEE2atEj)
    std::__2::basic_string<char, std::__2::char_traits<char>, std::__2::allocator<char>>::__init(char const*, unsigned int) 0x08003577   Thumb Code    84  string.cpp.o(.text._ZNSt3__212basic_stringIcNS_11char_traitsIcEENS_9allocatorIcEEE6__initEPKcj)
    std::__2::basic_string<char, std::__2::char_traits<char>, std::__2::allocator<char>>::basic_string__sub_object[abi:v16000]<std::nullptr_t>(char const*) 0x080035cd   Thumb Code    50  main.o(.text._ZNSt3__212basic_stringIcNS_11char_traitsIcEENS_9allocatorIcEEEC2B6v16000IDnEEPKc)
    std::__2::basic_string<char, std::__2::char_traits<char>, std::__2::allocator<char>>::~basic_string() 0x080035ff   Thumb Code    30  string.cpp.o(.text._ZNSt3__212basic_stringIcNS_11char_traitsIcEENS_9allocatorIcEEED2Ev)
    std::__2::basic_string<char, std::__2::char_traits<char>, std::__2::allocator<char>>::~basic_string__sub_object() 0x080035ff   Thumb Code    30  string.cpp.o(.text._ZNSt3__212basic_stringIcNS_11char_traitsIcEENS_9allocatorIcEEED2Ev)
    std::__2::__non_trivial_if<true, std::__2::allocator<char>>::__non_trivial_if__sub_object[abi:v16000]() 0x0800361d   Thumb Code    10  main.o(.text._ZNSt3__216__non_trivial_ifILb1ENS_9allocatorIcEEEC2B6v16000Ev)
    std::__2::__compressed_pair<std::__2::basic_string<char, std::__2::char_traits<char>, std::__2::allocator<char>>::__rep, std::__2::allocator<char>>::__compressed_pair__sub_object[abi:v16000]<std::__2::__default_init_tag, std::__2::__default_init_tag>(std::__2::__default_init_tag&&, std::__2::__default_init_tag&&) 0x08003629   Thumb Code    30  main.o(.text._ZNSt3__217__compressed_pairINS_12basic_stringIcNS_11char_traitsIcEENS_9allocatorIcEEE5__repES5_EC2B6v16000INS_18__default_init_tagESA_EEOT_OT0_)
    void std::__2::__debug_db_insert_c[abi:v16000]<std::__2::basic_string<char, std::__2::char_traits<char>, std::__2::allocator<char>>>(std::__2::basic_string<char, std::__2::char_traits<char>, std::__2::allocator<char>>*) 0x08003649   Thumb Code     8  main.o(.text._ZNSt3__219__debug_db_insert_cB6v16000INS_12basic_stringIcNS_11char_traitsIcEENS_9allocatorIcEEEEEEvPT_)
    std::__2::__compressed_pair_elem<std::__2::basic_string<char, std::__2::char_traits<char>, std::__2::allocator<char>>::__rep, 0, false>::__compressed_pair_elem__sub_object[abi:v16000](std::__2::__default_init_tag) 0x08003651   Thumb Code    10  main.o(.text._ZNSt3__222__compressed_pair_elemINS_12basic_stringIcNS_11char_traitsIcEENS_9allocatorIcEEE5__repELi0ELb0EEC2B6v16000ENS_18__default_init_tagE)
    std::__2::__compressed_pair_elem<std::__2::allocator<char>, 1, true>::__compressed_pair_elem__sub_object[abi:v16000](std::__2::__default_init_tag) 0x0800365d   Thumb Code    20  main.o(.text._ZNSt3__222__compressed_pair_elemINS_9allocatorIcEELi1ELb1EEC2B6v16000ENS_18__default_init_tagE)
    std::__2::allocator<char>::allocator__sub_object[abi:v16000]() 0x08003671   Thumb Code    20  main.o(.text._ZNSt3__29allocatorIcEC2B6v16000Ev)
    std::get_new_handler()                   0x08003685   Thumb Code    12  cxa_handlers.cpp.o(.text._ZSt15get_new_handlerv)
    operator delete(void*)                   0x08003691   Thumb Code     4  new.cpp.o(.text._ZdlPv)
    operator delete(void*, unsigned int)     0x08003695   Thumb Code     4  new.cpp.o(.text._ZdlPvj)
    operator new(unsigned int)               0x08003699   Thumb Code    38  new.cpp.o(.text._Znwj)
    main                                     0x08003785   Thumb Code    74  main.o(.text.main)
    _btod_d2e                                0x080037cf   Thumb Code    62  btod.o(CL$$btod_d2e)
    _d2e_denorm_low                          0x0800380d   Thumb Code    70  btod.o(CL$$btod_d2e_denorm_low)
    _d2e_norm_op1                            0x08003853   Thumb Code    96  btod.o(CL$$btod_d2e_norm_op1)
    __btod_div_common                        0x080038b5   Thumb Code   696  btod.o(CL$$btod_div_common)
    _e2e                                     0x08003bed   Thumb Code   220  btod.o(CL$$btod_e2e)
    _btod_ediv                               0x08003cc9   Thumb Code    42  btod.o(CL$$btod_ediv)
    _btod_emul                               0x08003cf3   Thumb Code    42  btod.o(CL$$btod_emul)
    __btod_mult_common                       0x08003d1d   Thumb Code   580  btod.o(CL$$btod_mult_common)
    __ARM_fpclassify                         0x08003f61   Thumb Code    48  fpclassify.o(i.__ARM_fpclassify)
    _is_digit                                0x08003f91   Thumb Code    14  __printf_wp.o(i._is_digit)
    _get_lc_ctype                            0x08003fa1   Thumb Code    44  lc_ctype_c.o(locale$$code)
    _get_lc_numeric                          0x08003fcd   Thumb Code    44  lc_numeric_c.o(locale$$code)
    _fp_init                                 0x08003ff9   Thumb Code    26  fpinit.o(x$fpl$fpinit)
    __fplib_config_fpu_vfp                   0x08004011   Thumb Code     0  fpinit.o(x$fpl$fpinit)
    __fplib_config_pureend_doubles           0x08004011   Thumb Code     0  fpinit.o(x$fpl$fpinit)
    _printf_fp_dec                           0x08004013   Thumb Code     4  printf1.o(x$fpl$printf1)
    _printf_fp_hex                           0x08004017   Thumb Code     4  printf2.o(x$fpl$printf2)
    __I$use$fp                               0x0800401a   Number         0  usenofp.o(x$fpl$usenofp)
    AHBPrescTable                            0x08004140   Data          16  system_stm32f4xx.o(.rodata.AHBPrescTable)
    APBPrescTable                            0x08004150   Data           8  system_stm32f4xx.o(.rodata.APBPrescTable)
    Region$$Table$$Base                      0x0800416c   Number         0  anon$$obj.o(Region$$Table)
    Region$$Table$$Limit                     0x0800418c   Number         0  anon$$obj.o(Region$$Table)
    __ctype                                  0x08004199   Data           0  lc_ctype_c.o(locale$$data)
    SHT$$INIT_ARRAY$$Base                    0x080042b8   Number         0  main.o(.init_array)
    SHT$$INIT_ARRAY$$Limit                   0x080042bc   Number         0  init_aeabi.o(.init_array)
    SystemCoreClock                          0x20000000   Data           4  system_stm32f4xx.o(.data.SystemCoreClock)
    data                                     0x20000004   Data           4  main.o(.data.data)
    uwTickFreq                               0x20000008   Data           1  stm32f4xx_hal.o(.data.uwTickFreq)
    uwTickPrio                               0x2000000c   Data           4  stm32f4xx_hal.o(.data.uwTickPrio)
    __libspace_start                         0x20000010   Data          96  libspace.o(.bss)
    TX_buffer                                0x20000070   Data           1  main.o(.bss.TX_buffer)
    __temporary_stack_top$libspace           0x20000070   Data           0  libspace.o(.bss)
    __cxa_new_handler                        0x20000074   Data           4  cxa_default_handlers.cpp.o(.bss.__cxa_new_handler)
    buffer_range                             0x20000078   Data          30  main.o(.bss.buffer_range)
    string_to_send                           0x20000098   Data          12  main.o(.bss.string_to_send)
    uwTick                                   0x200000a4   Data           4  stm32f4xx_hal.o(.bss.uwTick)



==============================================================================

Memory Map of the image

  Image Entry point : 0x08000321

  Load Region LR_1 (Base: 0x08000000, Size: 0x000042cc, Max: 0xffffffff, ABSOLUTE)

    Execution Region ER_RO (Exec base: 0x08000000, Load base: 0x08000000, Size: 0x000042bc, Max: 0xffffffff, ABSOLUTE)

    Exec Addr    Load Addr    Size         Type   Attr      Idx    E Section Name        Object

    0x08000000   0x08000000   0x000001c4   Data   RO          367    RESET               startup_stm32f446xx.o
    0x080001c4   0x080001c4   0x00000008   Code   RO          927  * !!!main             c_w.l(__main.o)
    0x080001cc   0x080001cc   0x00000034   Code   RO         2086    !!!scatter          c_w.l(__scatter.o)
    0x08000200   0x08000200   0x0000001a   Code   RO         2088    !!handler_copy      c_w.l(__scatter_copy.o)
    0x0800021a   0x0800021a   0x00000002   PAD
    0x0800021c   0x0800021c   0x0000001c   Code   RO         2090    !!handler_zi        c_w.l(__scatter_zi.o)
    0x08000238   0x08000238   0x00000000   Code   RO         1331    .ARM.Collect$$_printf_percent$$00000000  c_w.l(_printf_percent.o)
    0x08000238   0x08000238   0x00000006   Code   RO         1320    .ARM.Collect$$_printf_percent$$00000001  c_w.l(_printf_n.o)
    0x0800023e   0x0800023e   0x00000006   Code   RO         1322    .ARM.Collect$$_printf_percent$$00000002  c_w.l(_printf_p.o)
    0x08000244   0x08000244   0x00000006   Code   RO         1327    .ARM.Collect$$_printf_percent$$00000003  c_w.l(_printf_f.o)
    0x0800024a   0x0800024a   0x00000006   Code   RO         1328    .ARM.Collect$$_printf_percent$$00000004  c_w.l(_printf_e.o)
    0x08000250   0x08000250   0x00000006   Code   RO         1329    .ARM.Collect$$_printf_percent$$00000005  c_w.l(_printf_g.o)
    0x08000256   0x08000256   0x00000006   Code   RO         1330    .ARM.Collect$$_printf_percent$$00000006  c_w.l(_printf_a.o)
    0x0800025c   0x0800025c   0x0000000a   Code   RO         1335    .ARM.Collect$$_printf_percent$$00000007  c_w.l(_printf_ll.o)
    0x08000266   0x08000266   0x00000006   Code   RO         1324    .ARM.Collect$$_printf_percent$$00000008  c_w.l(_printf_i.o)
    0x0800026c   0x0800026c   0x00000006   Code   RO         1325    .ARM.Collect$$_printf_percent$$00000009  c_w.l(_printf_d.o)
    0x08000272   0x08000272   0x00000006   Code   RO         1326    .ARM.Collect$$_printf_percent$$0000000A  c_w.l(_printf_u.o)
    0x08000278   0x08000278   0x00000006   Code   RO         1323    .ARM.Collect$$_printf_percent$$0000000B  c_w.l(_printf_o.o)
    0x0800027e   0x0800027e   0x00000006   Code   RO         1321    .ARM.Collect$$_printf_percent$$0000000C  c_w.l(_printf_x.o)
    0x08000284   0x08000284   0x00000006   Code   RO         1332    .ARM.Collect$$_printf_percent$$0000000D  c_w.l(_printf_lli.o)
    0x0800028a   0x0800028a   0x00000006   Code   RO         1333    .ARM.Collect$$_printf_percent$$0000000E  c_w.l(_printf_lld.o)
    0x08000290   0x08000290   0x00000006   Code   RO         1334    .ARM.Collect$$_printf_percent$$0000000F  c_w.l(_printf_llu.o)
    0x08000296   0x08000296   0x00000006   Code   RO         1339    .ARM.Collect$$_printf_percent$$00000010  c_w.l(_printf_llo.o)
    0x0800029c   0x0800029c   0x00000006   Code   RO         1340    .ARM.Collect$$_printf_percent$$00000011  c_w.l(_printf_llx.o)
    0x080002a2   0x080002a2   0x0000000a   Code   RO         1336    .ARM.Collect$$_printf_percent$$00000012  c_w.l(_printf_l.o)
    0x080002ac   0x080002ac   0x00000006   Code   RO         1318    .ARM.Collect$$_printf_percent$$00000013  c_w.l(_printf_c.o)
    0x080002b2   0x080002b2   0x00000006   Code   RO         1319    .ARM.Collect$$_printf_percent$$00000014  c_w.l(_printf_s.o)
    0x080002b8   0x080002b8   0x00000006   Code   RO         1337    .ARM.Collect$$_printf_percent$$00000015  c_w.l(_printf_lc.o)
    0x080002be   0x080002be   0x00000006   Code   RO         1338    .ARM.Collect$$_printf_percent$$00000016  c_w.l(_printf_ls.o)
    0x080002c4   0x080002c4   0x00000004   Code   RO         1655    .ARM.Collect$$_printf_percent$$00000017  c_w.l(_printf_percent_end.o)
    0x080002c8   0x080002c8   0x00000002   Code   RO         1853    .ARM.Collect$$libinit$$00000000  c_w.l(libinit.o)
    0x080002ca   0x080002ca   0x00000004   Code   RO         1389    .ARM.Collect$$libinit$$00000001  c_w.l(libinit2.o)
    0x080002ce   0x080002ce   0x00000000   Code   RO         1392    .ARM.Collect$$libinit$$00000004  c_w.l(libinit2.o)
    0x080002ce   0x080002ce   0x00000000   Code   RO         1394    .ARM.Collect$$libinit$$00000006  c_w.l(libinit2.o)
    0x080002ce   0x080002ce   0x00000008   Code   RO         1395    .ARM.Collect$$libinit$$00000007  c_w.l(libinit2.o)
    0x080002d6   0x080002d6   0x00000000   Code   RO         1397    .ARM.Collect$$libinit$$0000000C  c_w.l(libinit2.o)
    0x080002d6   0x080002d6   0x00000000   Code   RO         1399    .ARM.Collect$$libinit$$0000000E  c_w.l(libinit2.o)
    0x080002d6   0x080002d6   0x00000000   Code   RO         1401    .ARM.Collect$$libinit$$00000010  c_w.l(libinit2.o)
    0x080002d6   0x080002d6   0x00000006   Code   RO         1402    .ARM.Collect$$libinit$$00000011  c_w.l(libinit2.o)
    0x080002dc   0x080002dc   0x00000000   Code   RO         1404    .ARM.Collect$$libinit$$00000013  c_w.l(libinit2.o)
    0x080002dc   0x080002dc   0x0000000c   Code   RO         1405    .ARM.Collect$$libinit$$00000014  c_w.l(libinit2.o)
    0x080002e8   0x080002e8   0x00000000   Code   RO         1406    .ARM.Collect$$libinit$$00000015  c_w.l(libinit2.o)
    0x080002e8   0x080002e8   0x00000000   Code   RO         1408    .ARM.Collect$$libinit$$00000017  c_w.l(libinit2.o)
    0x080002e8   0x080002e8   0x0000000a   Code   RO         1409    .ARM.Collect$$libinit$$00000018  c_w.l(libinit2.o)
    0x080002f2   0x080002f2   0x00000000   Code   RO         1410    .ARM.Collect$$libinit$$00000019  c_w.l(libinit2.o)
    0x080002f2   0x080002f2   0x00000000   Code   RO         1412    .ARM.Collect$$libinit$$0000001B  c_w.l(libinit2.o)
    0x080002f2   0x080002f2   0x00000000   Code   RO         1414    .ARM.Collect$$libinit$$0000001D  c_w.l(libinit2.o)
    0x080002f2   0x080002f2   0x00000000   Code   RO         1416    .ARM.Collect$$libinit$$0000001F  c_w.l(libinit2.o)
    0x080002f2   0x080002f2   0x00000000   Code   RO         1418    .ARM.Collect$$libinit$$00000021  c_w.l(libinit2.o)
    0x080002f2   0x080002f2   0x00000000   Code   RO         1420    .ARM.Collect$$libinit$$00000023  c_w.l(libinit2.o)
    0x080002f2   0x080002f2   0x00000000   Code   RO         1422    .ARM.Collect$$libinit$$00000025  c_w.l(libinit2.o)
    0x080002f2   0x080002f2   0x00000000   Code   RO         1424    .ARM.Collect$$libinit$$00000027  c_w.l(libinit2.o)
    0x080002f2   0x080002f2   0x00000000   Code   RO         1428    .ARM.Collect$$libinit$$0000002E  c_w.l(libinit2.o)
    0x080002f2   0x080002f2   0x00000000   Code   RO         1430    .ARM.Collect$$libinit$$00000030  c_w.l(libinit2.o)
    0x080002f2   0x080002f2   0x00000000   Code   RO         1432    .ARM.Collect$$libinit$$00000032  c_w.l(libinit2.o)
    0x080002f2   0x080002f2   0x00000004   Code   RO         1433    .ARM.Collect$$libinit$$00000033  c_w.l(libinit2.o)
    0x080002f6   0x080002f6   0x00000000   Code   RO         1434    .ARM.Collect$$libinit$$00000034  c_w.l(libinit2.o)
    0x080002f6   0x080002f6   0x00000002   Code   RO         1435    .ARM.Collect$$libinit$$00000035  c_w.l(libinit2.o)
    0x080002f8   0x080002f8   0x00000002   Code   RO         2022    .ARM.Collect$$libshutdown$$00000000  c_w.l(libshutdown.o)
    0x080002fa   0x080002fa   0x00000006   Code   RO         1854    .ARM.Collect$$libshutdown$$00000001  c_w.l(libshutdown2.o)
    0x08000300   0x08000300   0x00000000   Code   RO         1855    .ARM.Collect$$libshutdown$$00000002  c_w.l(libshutdown2.o)
    0x08000300   0x08000300   0x00000000   Code   RO         1857    .ARM.Collect$$libshutdown$$00000004  c_w.l(libshutdown2.o)
    0x08000300   0x08000300   0x00000000   Code   RO         1860    .ARM.Collect$$libshutdown$$00000007  c_w.l(libshutdown2.o)
    0x08000300   0x08000300   0x00000000   Code   RO         1863    .ARM.Collect$$libshutdown$$0000000A  c_w.l(libshutdown2.o)
    0x08000300   0x08000300   0x00000000   Code   RO         1865    .ARM.Collect$$libshutdown$$0000000C  c_w.l(libshutdown2.o)
    0x08000300   0x08000300   0x00000000   Code   RO         1868    .ARM.Collect$$libshutdown$$0000000F  c_w.l(libshutdown2.o)
    0x08000300   0x08000300   0x00000002   Code   RO         1869    .ARM.Collect$$libshutdown$$00000010  c_w.l(libshutdown2.o)
    0x08000302   0x08000302   0x00000000   Code   RO         1228    .ARM.Collect$$rtentry$$00000000  c_w.l(__rtentry.o)
    0x08000302   0x08000302   0x00000000   Code   RO         1539    .ARM.Collect$$rtentry$$00000002  c_w.l(__rtentry2.o)
    0x08000302   0x08000302   0x00000006   Code   RO         1551    .ARM.Collect$$rtentry$$00000004  c_w.l(__rtentry4.o)
    0x08000308   0x08000308   0x00000000   Code   RO         1541    .ARM.Collect$$rtentry$$00000009  c_w.l(__rtentry2.o)
    0x08000308   0x08000308   0x00000004   Code   RO         1542    .ARM.Collect$$rtentry$$0000000A  c_w.l(__rtentry2.o)
    0x0800030c   0x0800030c   0x00000000   Code   RO         1544    .ARM.Collect$$rtentry$$0000000C  c_w.l(__rtentry2.o)
    0x0800030c   0x0800030c   0x00000008   Code   RO         1545    .ARM.Collect$$rtentry$$0000000D  c_w.l(__rtentry2.o)
    0x08000314   0x08000314   0x00000002   Code   RO         1899    .ARM.Collect$$rtexit$$00000000  c_w.l(rtexit.o)
    0x08000316   0x08000316   0x00000000   Code   RO         1945    .ARM.Collect$$rtexit$$00000002  c_w.l(rtexit2.o)
    0x08000316   0x08000316   0x00000004   Code   RO         1946    .ARM.Collect$$rtexit$$00000003  c_w.l(rtexit2.o)
    0x0800031a   0x0800031a   0x00000006   Code   RO         1947    .ARM.Collect$$rtexit$$00000004  c_w.l(rtexit2.o)
    0x08000320   0x08000320   0x00000040   Code   RO          368  * .text               startup_stm32f446xx.o
    0x08000360   0x08000360   0x000000f0   Code   RO          911    .text               c_w.l(lludivv7m.o)
    0x08000450   0x08000450   0x0000002c   Code   RO          913    .text               c_w.l(sprintf.o)
    0x0800047c   0x0800047c   0x0000000a   Code   RO          918    .text               c_w.l(cxa_atexit.o)
    0x08000486   0x08000486   0x0000003e   Code   RO          921    .text               c_w.l(strlen.o)
    0x080004c4   0x080004c4   0x0000004e   Code   RO          923    .text               c_w.l(rt_memclr_w.o)
    0x08000512   0x08000512   0x00000006   Code   RO          925    .text               c_w.l(heapauxi.o)
    0x08000518   0x08000518   0x00000024   Code   RO          932    .text               c_w.l(init_aeabi.o)
    0x0800053c   0x0800053c   0x0000004e   Code   RO         1252    .text               c_w.l(_printf_pad.o)
    0x0800058a   0x0800058a   0x00000024   Code   RO         1254    .text               c_w.l(_printf_truncate.o)
    0x080005ae   0x080005ae   0x00000052   Code   RO         1256    .text               c_w.l(_printf_str.o)
    0x08000600   0x08000600   0x00000078   Code   RO         1258    .text               c_w.l(_printf_dec.o)
    0x08000678   0x08000678   0x00000028   Code   RO         1260    .text               c_w.l(_printf_charcount.o)
    0x080006a0   0x080006a0   0x00000030   Code   RO         1262    .text               c_w.l(_printf_char_common.o)
    0x080006d0   0x080006d0   0x0000000a   Code   RO         1264    .text               c_w.l(_sputc.o)
    0x080006da   0x080006da   0x00000002   PAD
    0x080006dc   0x080006dc   0x000000bc   Code   RO         1266    .text               c_w.l(_printf_wctomb.o)
    0x08000798   0x08000798   0x0000007c   Code   RO         1269    .text               c_w.l(_printf_longlong_dec.o)
    0x08000814   0x08000814   0x00000070   Code   RO         1275    .text               c_w.l(_printf_oct_int_ll.o)
    0x08000884   0x08000884   0x00000094   Code   RO         1295    .text               c_w.l(_printf_hex_int_ll_ptr.o)
    0x08000918   0x08000918   0x00000188   Code   RO         1315    .text               c_w.l(__printf_flags_ss_wp.o)
    0x08000aa0   0x08000aa0   0x00000016   Code   RO         1363    .text               c_w.l(abort.o)
    0x08000ab6   0x08000ab6   0x0000002e   Code   RO         1368    .text               c_w.l(aeabi_atexit.o)
    0x08000ae4   0x08000ae4   0x0000008a   Code   RO         1381    .text               c_w.l(rt_memcpy_v6.o)
    0x08000b6e   0x08000b6e   0x00000084   Code   RO         1383    .text               c_w.l(rt_memmove_v6.o)
    0x08000bf2   0x08000bf2   0x00000002   PAD
    0x08000bf4   0x08000bf4   0x0000000c   Code   RO         1531    .text               c_w.l(sys_exit.o)
    0x08000c00   0x08000c00   0x00000008   Code   RO         1535    .text               c_w.l(libspace.o)
    0x08000c08   0x08000c08   0x00000010   Code   RO         1553    .text               c_w.l(rt_ctype_table.o)
    0x08000c18   0x08000c18   0x00000008   Code   RO         1560    .text               c_w.l(rt_ddtor_pointer_addr_intlibspace.o)
    0x08000c20   0x08000c20   0x0000005e   Code   RO         1566    .text               c_w.l(h1_alloc.o)
    0x08000c7e   0x08000c7e   0x0000004e   Code   RO         1568    .text               c_w.l(h1_free.o)
    0x08000ccc   0x08000ccc   0x0000008a   Code   RO         1628    .text               c_w.l(lludiv10.o)
    0x08000d56   0x08000d56   0x000000b2   Code   RO         1632    .text               c_w.l(_printf_intcommon.o)
    0x08000e08   0x08000e08   0x0000041c   Code   RO         1634    .text               c_w.l(_printf_fp_dec.o)
    0x08001224   0x08001224   0x000002fc   Code   RO         1638    .text               c_w.l(_printf_fp_hex.o)
    0x08001520   0x08001520   0x0000002c   Code   RO         1645    .text               c_w.l(_printf_char.o)
    0x0800154c   0x0800154c   0x0000002c   Code   RO         1653    .text               c_w.l(_printf_wchar.o)
    0x08001578   0x08001578   0x00000048   Code   RO         1680    .text               c_w.l(_c16rtomb.o)
    0x080015c0   0x080015c0   0x00000042   Code   RO         1682    .text               c_w.l(cxa_finalize.o)
    0x08001602   0x08001602   0x0000000e   Code   RO         1685    .text               c_w.l(defsig_abrt_outer.o)
    0x08001610   0x08001610   0x00000064   Code   RO         1689    .text               c_w.l(rt_memcpy_w.o)
    0x08001674   0x08001674   0x0000007a   Code   RO         1691    .text               c_w.l(rt_memmove_w.o)
    0x080016ee   0x080016ee   0x00000002   Code   RO         1721    .text               c_w.l(use_no_semi.o)
    0x080016f0   0x080016f0   0x00000000   Code   RO         1725    .text               c_w.l(indicate_semi.o)
    0x080016f0   0x080016f0   0x0000004a   Code   RO         1726    .text               c_w.l(sys_stackheap_outer.o)
    0x0800173a   0x0800173a   0x00000002   PAD
    0x0800173c   0x0800173c   0x00000008   Code   RO         1733    .text               c_w.l(rt_heap_descriptor_intlibspace.o)
    0x08001744   0x08001744   0x00000008   Code   RO         1738    .text               c_w.l(rt_locale_intlibspace.o)
    0x0800174c   0x0800174c   0x00000004   Code   RO         1740    .text               c_w.l(hguard.o)
    0x08001750   0x08001750   0x0000008a   Code   RO         1742    .text               c_w.l(init_alloc.o)
    0x080017da   0x080017da   0x0000000e   Code   RO         1746    .text               c_w.l(h1_init.o)
    0x080017e8   0x080017e8   0x00000080   Code   RO         1762    .text               c_w.l(_printf_fp_infnan.o)
    0x08001868   0x08001868   0x000000e4   Code   RO         1774    .text               c_w.l(bigflt0.o)
    0x0800194c   0x0800194c   0x00000012   Code   RO         1828    .text               c_w.l(exit.o)
    0x0800195e   0x0800195e   0x0000000a   Code   RO         1830    .text               c_w.l(defsig_exit.o)
    0x08001968   0x08001968   0x00000030   Code   RO         1832    .text               c_w.l(defsig_abrt_inner.o)
    0x08001998   0x08001998   0x00000000   Code   RO         1903    .text               c_w.l(maybetermalloc1.o)
    0x08001998   0x08001998   0x00000034   Code   RO         1905    .text               c_w.l(h1_extend.o)
    0x080019cc   0x080019cc   0x00000032   Code   RO         1923    .text               c_w.l(defsig_general.o)
    0x080019fe   0x080019fe   0x0000000e   Code   RO         1929    .text               c_w.l(defsig_rtmem_outer.o)
    0x08001a0c   0x08001a0c   0x00000004   PAD
    0x08001a10   0x08001a10   0x0000007c   Code   RO         1933    .text               c_w.l(strcmpv7em.o)
    0x08001a8c   0x08001a8c   0x0000000e   Code   RO         1940    .text               c_w.l(sys_wrch.o)
    0x08001a9a   0x08001a9a   0x00000002   PAD
    0x08001a9c   0x08001a9c   0x00000050   Code   RO         1968    .text               c_w.l(defsig_rtmem_inner.o)
    0x08001aec   0x08001aec   0x00000042   Code   RO           96    .text.HAL_Delay     stm32f4xx_hal.o
    0x08001b2e   0x08001b2e   0x00000002   PAD
    0x08001b30   0x08001b30   0x0000039a   Code   RO          211    .text.HAL_GPIO_Init  stm32f4xx_hal_gpio.o
    0x08001eca   0x08001eca   0x00000002   PAD
    0x08001ecc   0x08001ecc   0x0000002e   Code   RO          217    .text.HAL_GPIO_WritePin  stm32f4xx_hal_gpio.o
    0x08001efa   0x08001efa   0x00000002   PAD
    0x08001efc   0x08001efc   0x0000000c   Code   RO           88    .text.HAL_GetTick   stm32f4xx_hal.o
    0x08001f08   0x08001f08   0x0000001a   Code   RO           86    .text.HAL_IncTick   stm32f4xx_hal.o
    0x08001f22   0x08001f22   0x00000002   PAD
    0x08001f24   0x08001f24   0x0000002e   Code   RO           76    .text.HAL_Init      stm32f4xx_hal.o
    0x08001f52   0x08001f52   0x00000002   PAD
    0x08001f54   0x08001f54   0x00000070   Code   RO           78    .text.HAL_InitTick  stm32f4xx_hal.o
    0x08001fc4   0x08001fc4   0x00000002   Code   RO           80    .text.HAL_MspInit   stm32f4xx_hal.o
    0x08001fc6   0x08001fc6   0x00000002   PAD
    0x08001fc8   0x08001fc8   0x00000032   Code   RO          144    .text.HAL_NVIC_SetPriority  stm32f4xx_hal_cortex.o
    0x08001ffa   0x08001ffa   0x00000002   PAD
    0x08001ffc   0x08001ffc   0x00000010   Code   RO          140    .text.HAL_NVIC_SetPriorityGrouping  stm32f4xx_hal_cortex.o
    0x0800200c   0x0800200c   0x00000262   Code   RO          304    .text.HAL_RCC_ClockConfig  stm32f4xx_hal_rcc.o
    0x0800226e   0x0800226e   0x00000002   PAD
    0x08002270   0x08002270   0x0000000c   Code   RO          314    .text.HAL_RCC_GetHCLKFreq  stm32f4xx_hal_rcc.o
    0x0800227c   0x0800227c   0x00000022   Code   RO          316    .text.HAL_RCC_GetPCLK1Freq  stm32f4xx_hal_rcc.o
    0x0800229e   0x0800229e   0x00000002   PAD
    0x080022a0   0x080022a0   0x00000022   Code   RO          318    .text.HAL_RCC_GetPCLK2Freq  stm32f4xx_hal_rcc.o
    0x080022c2   0x080022c2   0x00000002   PAD
    0x080022c4   0x080022c4   0x00000170   Code   RO          351    .text.HAL_RCC_GetSysClockFreq  stm32f4xx_hal_rcc_ex.o
    0x08002434   0x08002434   0x00000726   Code   RO          355    .text.HAL_RCC_OscConfig  stm32f4xx_hal_rcc_ex.o
    0x08002b5a   0x08002b5a   0x00000002   PAD
    0x08002b5c   0x08002b5c   0x00000010   Code   RO          164    .text.HAL_SYSTICK_Config  stm32f4xx_hal_cortex.o
    0x08002b6c   0x08002b6c   0x0000007c   Code   RO          686    .text.HAL_USART_Init  stm32f4xx_hal_usart.o
    0x08002be8   0x08002be8   0x00000008   Code   RO          688    .text.HAL_USART_MspInit  stm32f4xx_hal_usart.o
    0x08002bf0   0x08002bf0   0x0000006c   Code   RO          150    .text.NVIC_EncodePriority  stm32f4xx_hal_cortex.o
    0x08002c5c   0x08002c5c   0x00000052   Code   RO          166    .text.SysTick_Config  stm32f4xx_hal_cortex.o
    0x08002cae   0x08002cae   0x00000002   PAD
    0x08002cb0   0x08002cb0   0x00000008   Code   RO           68    .text.SysTick_Handler  interrupt_handler.o
    0x08002cb8   0x08002cb8   0x00000018   Code   RO          374    .text.SystemInit    system_stm32f4xx.o
    0x08002cd0   0x08002cd0   0x000003c4   Code   RO          376    .text.SystemInit_ExtMemCtl  system_stm32f4xx.o
    0x08003094   0x08003094   0x0000015c   Code   RO          690    .text.USART_SetConfig  stm32f4xx_hal_usart.o
    0x080031f0   0x080031f0   0x00000008   Code   RO           22    .text._GLOBAL__sub_I_main.cpp  main.o
    0x080031f8   0x080031f8   0x00000062   Code   RO            4    .text._Z18InitializeErrorLedv  ethernet_w5100.o
    0x0800325a   0x0800325a   0x00000002   PAD
    0x0800325c   0x0800325c   0x0000010c   Code   RO            2    .text._Z18InitializeEthernetv  ethernet_w5100.o
    0x08003368   0x08003368   0x00000060   Code   RO           20    .text._ZL12print_stringRNSt3__212basic_stringIcNS_11char_traitsIcEENS_9allocatorIcEEEE  main.o
    0x080033c8   0x080033c8   0x000000f0   Code   RO           18    .text._ZL14UsartConfigUsbv  main.o
    0x080034b8   0x080034b8   0x00000012   Code   RO           45    .text._ZNKSt3__212basic_stringIcNS_11char_traitsIcEENS_9allocatorIcEEE15__get_long_sizeB6v16000Ev  main.o
    0x080034ca   0x080034ca   0x00000002   PAD
    0x080034cc   0x080034cc   0x00000016   Code   RO           47    .text._ZNKSt3__212basic_stringIcNS_11char_traitsIcEENS_9allocatorIcEEE16__get_short_sizeB6v16000Ev  main.o
    0x080034e2   0x080034e2   0x00000002   PAD
    0x080034e4   0x080034e4   0x0000002c   Code   RO           41    .text._ZNKSt3__212basic_stringIcNS_11char_traitsIcEENS_9allocatorIcEEE4sizeB6v16000Ev  main.o
    0x08003510   0x08003510   0x00000014   Code   RO           43    .text._ZNKSt3__212basic_stringIcNS_11char_traitsIcEENS_9allocatorIcEEE9__is_longB6v16000Ev  main.o
    0x08003524   0x08003524   0x00000010   Code   RO           49    .text._ZNKSt3__217__compressed_pairINS_12basic_stringIcNS_11char_traitsIcEENS_9allocatorIcEEE5__repES5_E5firstB6v16000Ev  main.o
    0x08003534   0x08003534   0x0000000a   Code   RO           51    .text._ZNKSt3__222__compressed_pair_elemINS_12basic_stringIcNS_11char_traitsIcEENS_9allocatorIcEEE5__repELi0ELb0EE5__getB6v16000Ev  main.o
    0x0800353e   0x0800353e   0x00000002   PAD
    0x08003540   0x08003540   0x00000010   Code   RO           55    .text._ZNSt3__211char_traitsIcE6lengthEPKc  main.o
    0x08003550   0x08003550   0x00000026   Code   RO         1094    .text._ZNSt3__212basic_stringIcNS_11char_traitsIcEENS_9allocatorIcEEE2atEj  libcpp_w.l(string.cpp.o)
    0x08003576   0x08003576   0x00000054   Code   RO         1038    .text._ZNSt3__212basic_stringIcNS_11char_traitsIcEENS_9allocatorIcEEE6__initEPKcj  libcpp_w.l(string.cpp.o)
    0x080035ca   0x080035ca   0x00000002   PAD
    0x080035cc   0x080035cc   0x00000032   Code   RO           39    .text._ZNSt3__212basic_stringIcNS_11char_traitsIcEENS_9allocatorIcEEEC2B6v16000IDnEEPKc  main.o
    0x080035fe   0x080035fe   0x0000001e   Code   RO         1028    .text._ZNSt3__212basic_stringIcNS_11char_traitsIcEENS_9allocatorIcEEED2Ev  libcpp_w.l(string.cpp.o)
    0x0800361c   0x0800361c   0x0000000a   Code   RO           65    .text._ZNSt3__216__non_trivial_ifILb1ENS_9allocatorIcEEEC2B6v16000Ev  main.o
    0x08003626   0x08003626   0x00000002   PAD
    0x08003628   0x08003628   0x0000001e   Code   RO           53    .text._ZNSt3__217__compressed_pairINS_12basic_stringIcNS_11char_traitsIcEENS_9allocatorIcEEE5__repES5_EC2B6v16000INS_18__default_init_tagESA_EEOT_OT0_  main.o
    0x08003646   0x08003646   0x00000002   PAD
    0x08003648   0x08003648   0x00000008   Code   RO           57    .text._ZNSt3__219__debug_db_insert_cB6v16000INS_12basic_stringIcNS_11char_traitsIcEENS_9allocatorIcEEEEEEvPT_  main.o
    0x08003650   0x08003650   0x0000000a   Code   RO           59    .text._ZNSt3__222__compressed_pair_elemINS_12basic_stringIcNS_11char_traitsIcEENS_9allocatorIcEEE5__repELi0ELb0EEC2B6v16000ENS_18__default_init_tagE  main.o
    0x0800365a   0x0800365a   0x00000002   PAD
    0x0800365c   0x0800365c   0x00000014   Code   RO           61    .text._ZNSt3__222__compressed_pair_elemINS_9allocatorIcEELi1ELb1EEC2B6v16000ENS_18__default_init_tagE  main.o
    0x08003670   0x08003670   0x00000014   Code   RO           63    .text._ZNSt3__29allocatorIcEC2B6v16000Ev  main.o
    0x08003684   0x08003684   0x0000000c   Code   RO         1715    .text._ZSt15get_new_handlerv  libcppabi_w.l(cxa_handlers.cpp.o)
    0x08003690   0x08003690   0x00000004   Code   RO         1461    .text._ZdlPv        libcpp_w.l(new.cpp.o)
    0x08003694   0x08003694   0x00000004   Code   RO         1465    .text._ZdlPvj       libcpp_w.l(new.cpp.o)
    0x08003698   0x08003698   0x00000026   Code   RO         1453    .text._Znwj         libcpp_w.l(new.cpp.o)
    0x080036be   0x080036be   0x00000002   PAD
    0x080036c0   0x080036c0   0x00000010   Code   RO          146    .text.__NVIC_GetPriorityGrouping  stm32f4xx_hal_cortex.o
    0x080036d0   0x080036d0   0x00000042   Code   RO          148    .text.__NVIC_SetPriority  stm32f4xx_hal_cortex.o
    0x08003712   0x08003712   0x00000002   PAD
    0x08003714   0x08003714   0x0000003c   Code   RO          142    .text.__NVIC_SetPriorityGrouping  stm32f4xx_hal_cortex.o
    0x08003750   0x08003750   0x00000034   Code   RO           14    .text.__cxx_global_var_init  main.o
    0x08003784   0x08003784   0x0000004a   Code   RO           16    .text.main          main.o
    0x080037ce   0x080037ce   0x0000003e   Code   RO         1777    CL$$btod_d2e        c_w.l(btod.o)
    0x0800380c   0x0800380c   0x00000046   Code   RO         1779    CL$$btod_d2e_denorm_low  c_w.l(btod.o)
    0x08003852   0x08003852   0x00000060   Code   RO         1778    CL$$btod_d2e_norm_op1  c_w.l(btod.o)
    0x080038b2   0x080038b2   0x00000002   PAD
    0x080038b4   0x080038b4   0x00000338   Code   RO         1787    CL$$btod_div_common  c_w.l(btod.o)
    0x08003bec   0x08003bec   0x000000dc   Code   RO         1784    CL$$btod_e2e        c_w.l(btod.o)
    0x08003cc8   0x08003cc8   0x0000002a   Code   RO         1781    CL$$btod_ediv       c_w.l(btod.o)
    0x08003cf2   0x08003cf2   0x0000002a   Code   RO         1780    CL$$btod_emul       c_w.l(btod.o)
    0x08003d1c   0x08003d1c   0x00000244   Code   RO         1786    CL$$btod_mult_common  c_w.l(btod.o)
    0x08003f60   0x08003f60   0x00000030   Code   RO         1889    i.__ARM_fpclassify  m_wm.l(fpclassify.o)
    0x08003f90   0x08003f90   0x0000000e   Code   RO         1308    i._is_digit         c_w.l(__printf_wp.o)
    0x08003f9e   0x08003f9e   0x00000002   PAD
    0x08003fa0   0x08003fa0   0x0000002c   Code   RO         1823    locale$$code        c_w.l(lc_ctype_c.o)
    0x08003fcc   0x08003fcc   0x0000002c   Code   RO         1826    locale$$code        c_w.l(lc_numeric_c.o)
    0x08003ff8   0x08003ff8   0x0000001a   Code   RO         1699    x$fpl$fpinit        fz_wm.l(fpinit.o)
    0x08004012   0x08004012   0x00000004   Code   RO         1442    x$fpl$printf1       fz_wm.l(printf1.o)
    0x08004016   0x08004016   0x00000004   Code   RO         1444    x$fpl$printf2       fz_wm.l(printf2.o)
    0x0800401a   0x0800401a   0x00000000   Code   RO         1701    x$fpl$usenofp       fz_wm.l(usenofp.o)
    0x0800401a   0x0800401a   0x00000002   PAD
    0x0800401c   0x0800401c   0x00000008   Data   RO         1267    .constdata          c_w.l(_printf_wctomb.o)
    0x08004024   0x08004024   0x00000028   Data   RO         1296    .constdata          c_w.l(_printf_hex_int_ll_ptr.o)
    0x0800404c   0x0800404c   0x00000011   Data   RO         1316    .constdata          c_w.l(__printf_flags_ss_wp.o)
    0x0800405d   0x0800405d   0x00000026   Data   RO         1639    .constdata          c_w.l(_printf_fp_hex.o)
    0x08004083   0x08004083   0x00000001   PAD
    0x08004084   0x08004084   0x00000094   Data   RO         1775    .constdata          c_w.l(bigflt0.o)
    0x08004118   0x08004118   0x00000014   Data   RO            6    .rodata..L__const._Z18InitializeErrorLedv.gpio_config  ethernet_w5100.o
    0x0800412c   0x0800412c   0x00000014   Data   RO           29    .rodata..L__const._ZL14UsartConfigUsbv.gpio_config  main.o
    0x08004140   0x08004140   0x00000010   Data   RO          381    .rodata.AHBPrescTable  system_stm32f4xx.o
    0x08004150   0x08004150   0x00000008   Data   RO          382    .rodata.APBPrescTable  system_stm32f4xx.o
    0x08004158   0x08004158   0x00000011   Data   RO           26    .rodata.str1.1      main.o
    0x08004169   0x08004169   0x00000003   PAD
    0x0800416c   0x0800416c   0x00000020   Data   RO         2085    Region$$Table       anon$$obj.o
    0x0800418c   0x0800418c   0x00000110   Data   RO         1822    locale$$data        c_w.l(lc_ctype_c.o)
    0x0800429c   0x0800429c   0x0000001c   Data   RO         1825    locale$$data        c_w.l(lc_numeric_c.o)
    0x080042b8   0x080042b8   0x00000004   Data   RO           30    .init_array         main.o
    0x080042bc   0x080042b8   0x00000000   Data   RO          930    .init_array         c_w.l(init_aeabi.o)


    Execution Region ER_RW (Exec base: 0x20000000, Load base: 0x080042bc, Size: 0x00000010, Max: 0xffffffff, ABSOLUTE)

    Exec Addr    Load Addr    Size         Type   Attr      Idx    E Section Name        Object

    0x20000000   0x080042bc   0x00000004   Data   RW          380    .data.SystemCoreClock  system_stm32f4xx.o
    0x20000004   0x080042c0   0x00000004   Data   RW           27    .data.data          main.o
    0x20000008   0x080042c4   0x00000001   Data   RW          131    .data.uwTickFreq    stm32f4xx_hal.o
    0x20000009   0x080042c5   0x00000003   PAD
    0x2000000c   0x080042c8   0x00000004   Data   RW          130    .data.uwTickPrio    stm32f4xx_hal.o


    Execution Region ER_ZI (Exec base: 0x20000010, Load base: 0x080042cc, Size: 0x00000698, Max: 0xffffffff, ABSOLUTE)

    Exec Addr    Load Addr    Size         Type   Attr      Idx    E Section Name        Object

    0x20000010        -       0x00000060   Zero   RW         1536    .bss                c_w.l(libspace.o)
    0x20000070        -       0x00000001   Zero   RW           24    .bss.TX_buffer      main.o
    0x20000071   0x080042cc   0x00000003   PAD
    0x20000074        -       0x00000004   Zero   RW         1887    .bss.__cxa_new_handler  libcppabi_w.l(cxa_default_handlers.cpp.o)
    0x20000078        -       0x0000001e   Zero   RW           28    .bss.buffer_range   main.o
    0x20000096   0x080042cc   0x00000002   PAD
    0x20000098        -       0x0000000c   Zero   RW           25    .bss.string_to_send  main.o
    0x200000a4        -       0x00000004   Zero   RW          132    .bss.uwTick         stm32f4xx_hal.o
    0x200000a8        -       0x00000200   Zero   RW          366    HEAP                startup_stm32f446xx.o
    0x200002a8        -       0x00000400   Zero   RW          365    STACK               startup_stm32f446xx.o


==============================================================================

Image component sizes


      Code (inc. data)   RO Data    RW Data    ZI Data      Debug   Object Name

       366          0         20          0          0       4204   ethernet_w5100.o
         8          0          0          0          0        390   interrupt_handler.o
       764          0         41          4         43      64227   main.o
        64         26        452          0       1536        916   startup_stm32f446xx.o
       264          0          0          5          4       7608   stm32f4xx_hal.o
       414          0          0          0          0       9840   stm32f4xx_hal_cortex.o
       968          0          0          0          0       5445   stm32f4xx_hal_gpio.o
       690          0          0          0          0       7952   stm32f4xx_hal_rcc.o
      2198         14          0          0          0      11272   stm32f4xx_hal_rcc_ex.o
       480          0          0          0          0      15208   stm32f4xx_hal_usart.o
       988          0         24          4          0       3779   system_stm32f4xx.o

    ----------------------------------------------------------------------
      7244         40        572         16       1588     130841   Object Totals
         0          0         32          0          0          0   (incl. Generated)
        40          0          3          3          5          0   (incl. Padding)

    ----------------------------------------------------------------------

      Code (inc. data)   RO Data    RW Data    ZI Data      Debug   Library Member Name

         8          0          0          0          0         68   __main.o
       392          4         17          0          0         92   __printf_flags_ss_wp.o
        14          0          0          0          0         68   __printf_wp.o
         0          0          0          0          0          0   __rtentry.o
        12          0          0          0          0          0   __rtentry2.o
         6          0          0          0          0          0   __rtentry4.o
        52          8          0          0          0          0   __scatter.o
        26          0          0          0          0          0   __scatter_copy.o
        28          0          0          0          0          0   __scatter_zi.o
        72          0          0          0          0         96   _c16rtomb.o
         6          0          0          0          0          0   _printf_a.o
         6          0          0          0          0          0   _printf_c.o
        44          0          0          0          0        108   _printf_char.o
        48          6          0          0          0         96   _printf_char_common.o
        40          0          0          0          0         68   _printf_charcount.o
         6          0          0          0          0          0   _printf_d.o
       120         16          0          0          0         92   _printf_dec.o
         6          0          0          0          0          0   _printf_e.o
         6          0          0          0          0          0   _printf_f.o
      1052          0          0          0          0        148   _printf_fp_dec.o
       764          8         38          0          0        100   _printf_fp_hex.o
       128         16          0          0          0         84   _printf_fp_infnan.o
         6          0          0          0          0          0   _printf_g.o
       148          4         40          0          0        160   _printf_hex_int_ll_ptr.o
         6          0          0          0          0          0   _printf_i.o
       178          0          0          0          0         88   _printf_intcommon.o
        10          0          0          0          0          0   _printf_l.o
         6          0          0          0          0          0   _printf_lc.o
        10          0          0          0          0          0   _printf_ll.o
         6          0          0          0          0          0   _printf_lld.o
         6          0          0          0          0          0   _printf_lli.o
         6          0          0          0          0          0   _printf_llo.o
         6          0          0          0          0          0   _printf_llu.o
         6          0          0          0          0          0   _printf_llx.o
       124         16          0          0          0         92   _printf_longlong_dec.o
         6          0          0          0          0          0   _printf_ls.o
         6          0          0          0          0          0   _printf_n.o
         6          0          0          0          0          0   _printf_o.o
       112          8          0          0          0        124   _printf_oct_int_ll.o
         6          0          0          0          0          0   _printf_p.o
        78          0          0          0          0        108   _printf_pad.o
         0          0          0          0          0          0   _printf_percent.o
         4          0          0          0          0          0   _printf_percent_end.o
         6          0          0          0          0          0   _printf_s.o
        82          0          0          0          0         80   _printf_str.o
        36          0          0          0          0         84   _printf_truncate.o
         6          0          0          0          0          0   _printf_u.o
        44          0          0          0          0        108   _printf_wchar.o
       188          6          8          0          0         92   _printf_wctomb.o
         6          0          0          0          0          0   _printf_x.o
        10          0          0          0          0         68   _sputc.o
        22          0          0          0          0         80   abort.o
        46          0          0          0          0         84   aeabi_atexit.o
       228          4        148          0          0         96   bigflt0.o
      1936        128          0          0          0        668   btod.o
        10          0          0          0          0         68   cxa_atexit.o
        66          0          0          0          0         84   cxa_finalize.o
        48         34          0          0          0         76   defsig_abrt_inner.o
        14          0          0          0          0         80   defsig_abrt_outer.o
        10          0          0          0          0         68   defsig_exit.o
        50          0          0          0          0         88   defsig_general.o
        80         58          0          0          0         76   defsig_rtmem_inner.o
        14          0          0          0          0         80   defsig_rtmem_outer.o
        18          0          0          0          0         80   exit.o
        94          0          0          0          0         80   h1_alloc.o
        52          0          0          0          0         68   h1_extend.o
        78          0          0          0          0         80   h1_free.o
        14          0          0          0          0         84   h1_init.o
         6          0          0          0          0        152   heapauxi.o
         4          0          0          0          0        136   hguard.o
         0          0          0          0          0          0   indicate_semi.o
        36          8          0          0          0         80   init_aeabi.o
       138          0          0          0          0        168   init_alloc.o
        44         10        272          0          0         76   lc_ctype_c.o
        44         10         28          0          0         76   lc_numeric_c.o
         2          0          0          0          0          0   libinit.o
        46          0          0          0          0          0   libinit2.o
         2          0          0          0          0          0   libshutdown.o
         8          0          0          0          0          0   libshutdown2.o
         8          4          0          0         96         68   libspace.o
       138          0          0          0          0         80   lludiv10.o
       240          0          0          0          0        100   lludivv7m.o
         0          0          0          0          0          0   maybetermalloc1.o
        16          4          0          0          0         76   rt_ctype_table.o
         8          4          0          0          0         68   rt_ddtor_pointer_addr_intlibspace.o
         8          4          0          0          0         68   rt_heap_descriptor_intlibspace.o
         8          4          0          0          0         68   rt_locale_intlibspace.o
        78          0          0          0          0         80   rt_memclr_w.o
       138          0          0          0          0         68   rt_memcpy_v6.o
       100          0          0          0          0         80   rt_memcpy_w.o
       132          0          0          0          0         68   rt_memmove_v6.o
       122          0          0          0          0         80   rt_memmove_w.o
         2          0          0          0          0          0   rtexit.o
        10          0          0          0          0          0   rtexit2.o
        44          6          0          0          0         84   sprintf.o
       124          0          0          0          0         88   strcmpv7em.o
        62          0          0          0          0         76   strlen.o
        12          4          0          0          0         68   sys_exit.o
        74          0          0          0          0         80   sys_stackheap_outer.o
        14          0          0          0          0         76   sys_wrch.o
         2          0          0          0          0         68   use_no_semi.o
        26          0          0          0          0        116   fpinit.o
         4          0          0          0          0        116   printf1.o
         4          0          0          0          0        116   printf2.o
         0          0          0          0          0          0   usenofp.o
        46          0          0          0          0        380   new.cpp.o
       152          0          0          0          0       4520   string.cpp.o
         0          0          0          0          4          0   cxa_default_handlers.cpp.o
        12          0          0          0          0        132   cxa_handlers.cpp.o
        48          0          0          0          0        124   fpclassify.o

    ----------------------------------------------------------------------
      8716        374        552          0        100      11600   Library Totals
        24          0          1          0          0          0   (incl. Padding)

    ----------------------------------------------------------------------

      Code (inc. data)   RO Data    RW Data    ZI Data      Debug   Library Name

      8400        374        551          0         96       6096   c_w.l
        34          0          0          0          0        348   fz_wm.l
       198          0          0          0          0       4900   libcpp_w.l
        12          0          0          0          4        132   libcppabi_w.l
        48          0          0          0          0        124   m_wm.l

    ----------------------------------------------------------------------
      8716        374        552          0        100      11600   Library Totals

    ----------------------------------------------------------------------

==============================================================================


      Code (inc. data)   RO Data    RW Data    ZI Data      Debug   

     15960        414       1124         16       1688     138517   Grand Totals
     15960        414       1124         16       1688     138517   ELF Image Totals
     15960        414       1124         16          0          0   ROM Totals

==============================================================================

    Total RO  Size (Code + RO Data)                17084 (  16.68kB)
    Total RW  Size (RW Data + ZI Data)              1704 (   1.66kB)
    Total ROM Size (Code + RO Data + RW Data)      17100 (  16.70kB)

==============================================================================

